 zlibwapi

 Timestamp is 62fafdad (Mon Aug 15 21:15:09 2022)

 Preferred load address is 0000000180000000

 Start         Length     Name                   Class
 0001:00000000 00012440H .text$mn                CODE
 0001:00012440 00000036H .text$mn$00             CODE
 0001:00012476 00000092H .text$x                 CODE
 0002:00000000 00000248H .idata$5                DATA
 0002:00000248 00000038H .00cfg                  DATA
 0002:00000280 00000008H .CRT$XCA                DATA
 0002:00000288 00000008H .CRT$XCZ                DATA
 0002:00000290 00000008H .CRT$XIA                DATA
 0002:00000298 00000008H .CRT$XIZ                DATA
 0002:000002a0 00000008H .CRT$XPA                DATA
 0002:000002a8 00000008H .CRT$XPZ                DATA
 0002:000002b0 00000008H .CRT$XTA                DATA
 0002:000002b8 00000008H .CRT$XTZ                DATA
 0002:000002c0 00000000H .gehcont$y              DATA
 0002:000002c0 00000000H .gfids$y                DATA
 0002:000002c0 000044c0H .rdata                  DATA
 0002:00004780 00000080H .rdata$CastGuardVftablesA DATA
 0002:00004800 00000080H .rdata$CastGuardVftablesC DATA
 0002:00004880 00000078H .rdata$voltmd           DATA
 0002:000048f8 00000348H .rdata$zzzdbg           DATA
 0002:00004c40 00000008H .rtc$IAA                DATA
 0002:00004c48 00000008H .rtc$IZZ                DATA
 0002:00004c50 00000008H .rtc$TAA                DATA
 0002:00004c58 00000008H .rtc$TZZ                DATA
 0002:00004c60 000017c0H .xdata                  DATA
 0002:00006420 00000cfcH .edata                  DATA
 0002:0000711c 000000a0H .idata$2                DATA
 0002:000071bc 00000014H .idata$3                DATA
 0002:000071d0 00000248H .idata$4                DATA
 0002:00007418 00000522H .idata$6                DATA
 0003:00000000 00000040H .data                   DATA
 0003:00000040 000000a0H .bss                    DATA
 0004:00000000 0000111cH .pdata                  DATA
 0005:00000000 00000060H .rsrc$01                DATA
 0005:00000060 00000338H .rsrc$02                DATA

  Address         Publics by Value              Rva+Base               Lib:Object

 0000:00000000       __AbsoluteZero             0000000000000000     <absolute>
 0000:00000000       ___safe_se_handler_count   0000000000000000     <absolute>
 0000:00000000       ___safe_se_handler_table   0000000000000000     <absolute>
 0000:00000000       __arm64x_extra_rfe_table   0000000000000000     <absolute>
 0000:00000000       __arm64x_extra_rfe_table_size 0000000000000000     <absolute>
 0000:00000000       __arm64x_native_entrypoint 0000000000000000     <absolute>
 0000:00000000       __arm64x_redirection_metadata 0000000000000000     <absolute>
 0000:00000000       __arm64x_redirection_metadata_count 0000000000000000     <absolute>
 0000:00000000       __dynamic_value_reloc_table 0000000000000000     <absolute>
 0000:00000000       __enclave_config           0000000000000000     <absolute>
 0000:00000000       __guard_check_icall_a64n_fptr 0000000000000000     <absolute>
 0000:00000000       __guard_eh_cont_count      0000000000000000     <absolute>
 0000:00000000       __guard_eh_cont_table      0000000000000000     <absolute>
 0000:00000000       __guard_fids_count         0000000000000000     <absolute>
 0000:00000000       __guard_fids_table         0000000000000000     <absolute>
 0000:00000000       __guard_iat_count          0000000000000000     <absolute>
 0000:00000000       __guard_iat_table          0000000000000000     <absolute>
 0000:00000000       __guard_longjmp_count      0000000000000000     <absolute>
 0000:00000000       __guard_longjmp_table      0000000000000000     <absolute>
 0000:00000000       __hybrid_auxiliary_iat     0000000000000000     <absolute>
 0000:00000000       __hybrid_auxiliary_iat_copy 0000000000000000     <absolute>
 0000:00000000       __hybrid_code_map          0000000000000000     <absolute>
 0000:00000000       __hybrid_code_map_count    0000000000000000     <absolute>
 0000:00000000       __x64_code_ranges_to_entry_points 0000000000000000     <absolute>
 0000:00000000       __x64_code_ranges_to_entry_points_count 0000000000000000     <absolute>
 0000:00000100       __guard_flags              0000000000000100     <absolute>
 0000:00000000       __ImageBase                0000000180000000     <linker-defined>
 0001:00000000       adler32_z                  0000000180001000 f   adler32.obj
 0001:000002e0       adler32                    00000001800012e0 f   adler32.obj
 0001:000003d0       adler32_combine            00000001800013d0 f   adler32.obj
 0001:000003e0       compress2                  00000001800013e0 f   compress.obj
 0001:000004e0       compress                   00000001800014e0 f   compress.obj
 0001:00000500       compressBound              0000000180001500 f   compress.obj
 0001:00000520       get_crc_table              0000000180001520 f   crc32.obj
 0001:00000530       crc32_z                    0000000180001530 f   crc32.obj
 0001:00000540       crc32                      0000000180001540 f   crc32.obj
 0001:00000df0       crc32_combine              0000000180001df0 f   crc32.obj
 0001:00000e80       deflateInit_               0000000180001e80 f   deflate.obj
 0001:00000ec0       deflateInit2_              0000000180001ec0 f   deflate.obj
 0001:000011b0       deflateSetDictionary       00000001800021b0 f   deflate.obj
 0001:000013a0       deflateGetDictionary       00000001800023a0 f   deflate.obj
 0001:00001420       deflateResetKeep           0000000180002420 f   deflate.obj
 0001:000014d0       deflateReset               00000001800024d0 f   deflate.obj
 0001:00001500       deflateSetHeader           0000000180002500 f   deflate.obj
 0001:00001540       deflatePending             0000000180002540 f   deflate.obj
 0001:00001590       deflatePrime               0000000180002590 f   deflate.obj
 0001:00001640       deflateParams              0000000180002640 f   deflate.obj
 0001:000017b0       deflateTune                00000001800027b0 f   deflate.obj
 0001:00001800       deflateBound               0000000180002800 f   deflate.obj
 0001:000019d0       deflate                    00000001800029d0 f   deflate.obj
 0001:00002320       deflateEnd                 0000000180003320 f   deflate.obj
 0001:000023d0       deflateCopy                00000001800033d0 f   deflate.obj
 0001:00003d70       gzclose                    0000000180004d70 f   gzclose.obj
 0001:00003d90       __local_stdio_printf_options 0000000180004d90 f i gzlib.obj
 0001:00003da0       vsnprintf                  0000000180004da0 f i gzlib.obj
 0001:00003e10       snprintf                   0000000180004e10 f i gzlib.obj
 0001:000041f0       gzopen                     00000001800051f0 f   gzlib.obj
 0001:00004200       gzdopen                    0000000180005200 f   gzlib.obj
 0001:00004290       gzopen_w                   0000000180005290 f   gzlib.obj
 0001:000042a0       gzbuffer                   00000001800052a0 f   gzlib.obj
 0001:000042e0       gzrewind                   00000001800052e0 f   gzlib.obj
 0001:00004340       gzseek64                   0000000180005340 f   gzlib.obj
 0001:00004490       gzseek                     0000000180005490 f   gzlib.obj
 0001:000044c0       gztell64                   00000001800054c0 f   gzlib.obj
 0001:00004500       gztell                     0000000180005500 f   gzlib.obj
 0001:00004520       gzoffset64                 0000000180005520 f   gzlib.obj
 0001:00004580       gzoffset                   0000000180005580 f   gzlib.obj
 0001:000045a0       gzeof                      00000001800055a0 f   gzlib.obj
 0001:000045c0       gzerror                    00000001800055c0 f   gzlib.obj
 0001:00004610       gzclearerr                 0000000180005610 f   gzlib.obj
 0001:00004650       gz_error                   0000000180005650 f   gzlib.obj
 0001:00004e50       gzread                     0000000180005e50 f   gzread.obj
 0001:00004ec0       gzfread                    0000000180005ec0 f   gzread.obj
 0001:00004f40       gzgetc                     0000000180005f40 f   gzread.obj
 0001:00004fc0       gzgetc_                    0000000180005fc0 f   gzread.obj
 0001:00004fd0       gzungetc                   0000000180005fd0 f   gzread.obj
 0001:000050f0       gzgets                     00000001800060f0 f   gzread.obj
 0001:00005230       gzdirect                   0000000180006230 f   gzread.obj
 0001:00005270       gzclose_r                  0000000180006270 f   gzread.obj
 0001:00005800       gzwrite                    0000000180006800 f   gzwrite.obj
 0001:00005850       gzfwrite                   0000000180006850 f   gzwrite.obj
 0001:000058d0       gzputc                     00000001800068d0 f   gzwrite.obj
 0001:000059a0       gzputs                     00000001800069a0 f   gzwrite.obj
 0001:00005a10       gzvprintf                  0000000180006a10 f   gzwrite.obj
 0001:00005ba0       gzprintf                   0000000180006ba0 f   gzwrite.obj
 0001:00005bd0       gzflush                    0000000180006bd0 f   gzwrite.obj
 0001:00005c40       gzsetparams                0000000180006c40 f   gzwrite.obj
 0001:00005cf0       gzclose_w                  0000000180006cf0 f   gzwrite.obj
 0001:00005dc0       inflateBackInit_           0000000180006dc0 f   infback.obj
 0001:00005f10       inflateBack                0000000180006f10 f   infback.obj
 0001:00006e20       inflateBackEnd             0000000180007e20 f   infback.obj
 0001:00006e70       inflate_fast               0000000180007e70 f   inffast.obj
 0001:00007390       inflateResetKeep           0000000180008390 f   inflate.obj
 0001:00007420       inflateReset               0000000180008420 f   inflate.obj
 0001:00007450       inflateReset2              0000000180008450 f   inflate.obj
 0001:000074f0       inflateInit2_              00000001800084f0 f   inflate.obj
 0001:000075f0       inflateInit_               00000001800085f0 f   inflate.obj
 0001:00007600       inflatePrime               0000000180008600 f   inflate.obj
 0001:000077a0       inflate                    00000001800087a0 f   inflate.obj
 0001:00008fb0       inflateEnd                 0000000180009fb0 f   inflate.obj
 0001:00009010       inflateGetDictionary       000000018000a010 f   inflate.obj
 0001:000090a0       inflateSetDictionary       000000018000a0a0 f   inflate.obj
 0001:00009160       inflateGetHeader           000000018000a160 f   inflate.obj
 0001:00009210       inflateSync                000000018000a210 f   inflate.obj
 0001:00009330       inflateSyncPoint           000000018000a330 f   inflate.obj
 0001:00009370       inflateCopy                000000018000a370 f   inflate.obj
 0001:00009520       inflateUndermine           000000018000a520 f   inflate.obj
 0001:00009550       inflateValidate            000000018000a550 f   inflate.obj
 0001:00009590       inflateMark                000000018000a590 f   inflate.obj
 0001:00009600       inflateCodesUsed           000000018000a600 f   inflate.obj
 0001:00009640       inflate_table              000000018000a640 f   inftrees.obj
 0001:00009c00       call_zopen64               000000018000ac00 f   ioapi.obj
 0001:00009c20       call_zseek64               000000018000ac20 f   ioapi.obj
 0001:00009c50       call_ztell64               000000018000ac50 f   ioapi.obj
 0001:00009c90       fill_zlib_filefunc64_32_def_from_filefunc32 000000018000ac90 f   ioapi.obj
 0001:00009ec0       fill_fopen64_filefunc      000000018000aec0 f   ioapi.obj
 0001:00009ff0       win32_open64_file_func     000000018000aff0 f   iowin32.obj
 0001:0000a070       win32_open64_file_funcA    000000018000b070 f   iowin32.obj
 0001:0000a0f0       win32_open64_file_funcW    000000018000b0f0 f   iowin32.obj
 0001:0000a170       win32_open_file_func       000000018000b170 f   iowin32.obj
 0001:0000a1f0       win32_read_file_func       000000018000b1f0 f   iowin32.obj
 0001:0000a260       win32_write_file_func      000000018000b260 f   iowin32.obj
 0001:0000a340       win32_tell_file_func       000000018000b340 f   iowin32.obj
 0001:0000a3a0       win32_tell64_file_func     000000018000b3a0 f   iowin32.obj
 0001:0000a400       win32_seek_file_func       000000018000b400 f   iowin32.obj
 0001:0000a480       win32_seek64_file_func     000000018000b480 f   iowin32.obj
 0001:0000a500       win32_close_file_func      000000018000b500 f   iowin32.obj
 0001:0000a540       win32_error_file_func      000000018000b540 f   iowin32.obj
 0001:0000a550       fill_win32_filefunc        000000018000b550 f   iowin32.obj
 0001:0000a5b0       fill_win32_filefunc64      000000018000b5b0 f   iowin32.obj
 0001:0000a610       fill_win32_filefunc64A     000000018000b610 f   iowin32.obj
 0001:0000a670       fill_win32_filefunc64W     000000018000b670 f   iowin32.obj
 0001:0000a6e0       _tr_init                   000000018000b6e0 f   trees.obj
 0001:0000b970       _tr_stored_block           000000018000c970 f   trees.obj
 0001:0000ba80       _tr_flush_bits             000000018000ca80 f   trees.obj
 0001:0000ba90       _tr_align                  000000018000ca90 f   trees.obj
 0001:0000bb80       _tr_flush_block            000000018000cb80 f   trees.obj
 0001:0000c3a0       uncompress2                000000018000d3a0 f   uncompr.obj
 0001:0000c500       uncompress                 000000018000d500 f   uncompr.obj
 0001:0000c8d0       unzStringFileNameCompare   000000018000d8d0 f   unzip.obj
 0001:0000d100       unzOpen2                   000000018000e100 f   unzip.obj
 0001:0000d150       unzOpen2_64                000000018000e150 f   unzip.obj
 0001:0000d1b0       unzOpen                    000000018000e1b0 f   unzip.obj
 0001:0000d1c0       unzOpen64                  000000018000e1c0 f   unzip.obj
 0001:0000d1d0       unzClose                   000000018000e1d0 f   unzip.obj
 0001:0000d220       unzGetGlobalInfo64         000000018000e220 f   unzip.obj
 0001:0000d240       unzGetGlobalInfo           000000018000e240 f   unzip.obj
 0001:0000d840       unzGetCurrentFileInfo64    000000018000e840 f   unzip.obj
 0001:0000d890       unzGetCurrentFileInfo      000000018000e890 f   unzip.obj
 0001:0000d990       unzGoToFirstFile           000000018000e990 f   unzip.obj
 0001:0000da10       unzGoToNextFile            000000018000ea10 f   unzip.obj
 0001:0000dad0       unzLocateFile              000000018000ead0 f   unzip.obj
 0001:0000dcc0       unzGetFilePos64            000000018000ecc0 f   unzip.obj
 0001:0000dd00       unzGetFilePos              000000018000ed00 f   unzip.obj
 0001:0000dd30       unzGoToFilePos64           000000018000ed30 f   unzip.obj
 0001:0000ddb0       unzGoToFilePos             000000018000edb0 f   unzip.obj
 0001:0000e010       unzOpenCurrentFile3        000000018000f010 f   unzip.obj
 0001:0000e2a0       unzOpenCurrentFile         000000018000f2a0 f   unzip.obj
 0001:0000e2c0       unzOpenCurrentFilePassword 000000018000f2c0 f   unzip.obj
 0001:0000e2e0       unzOpenCurrentFile2        000000018000f2e0 f   unzip.obj
 0001:0000e300       unzGetCurrentFileZStreamPos64 000000018000f300 f   unzip.obj
 0001:0000e320       unzReadCurrentFile         000000018000f320 f   unzip.obj
 0001:0000e5d0       unztell                    000000018000f5d0 f   unzip.obj
 0001:0000e5f0       unztell64                  000000018000f5f0 f   unzip.obj
 0001:0000e620       unzeof                     000000018000f620 f   unzip.obj
 0001:0000e650       unzGetLocalExtrafield      000000018000f650 f   unzip.obj
 0001:0000e740       unzCloseCurrentFile        000000018000f740 f   unzip.obj
 0001:0000e800       unzGetGlobalComment        000000018000f800 f   unzip.obj
 0001:0000f440       LoadCentralDirectoryRecord 0000000180010440 f   zip.obj
 0001:0000f800       zipOpen3                   0000000180010800 f   zip.obj
 0001:0000f9a0       zipOpen2                   00000001800109a0 f   zip.obj
 0001:0000f9f0       zipOpen2_64                00000001800109f0 f   zip.obj
 0001:0000fa50       zipOpen                    0000000180010a50 f   zip.obj
 0001:0000fa60       zipOpen64                  0000000180010a60 f   zip.obj
 0001:0000fa70       Write_LocalFileHeader      0000000180010a70 f   zip.obj
 0001:0000fcd0       zipOpenNewFileInZip4_64    0000000180010cd0 f   zip.obj
 0001:00010270       zipOpenNewFileInZip3       0000000180011270 f   zip.obj
 0001:00010320       zipOpenNewFileInZip3_64    0000000180011320 f   zip.obj
 0001:000103e0       zipOpenNewFileInZip2       00000001800113e0 f   zip.obj
 0001:00010470       zipOpenNewFileInZip2_64    0000000180011470 f   zip.obj
 0001:00010510       zipOpenNewFileInZip64      0000000180011510 f   zip.obj
 0001:000105a0       zipOpenNewFileInZip        00000001800115a0 f   zip.obj
 0001:00010710       zipWriteInFileInZip        0000000180011710 f   zip.obj
 0001:00010890       zipCloseFileInZipRaw       0000000180011890 f   zip.obj
 0001:000108a0       zipCloseFileInZipRaw64     00000001800118a0 f   zip.obj
 0001:00010d30       zipCloseFileInZip          0000000180011d30 f   zip.obj
 0001:00010d40       Write_Zip64EndOfCentralDirectoryLocator 0000000180011d40 f   zip.obj
 0001:00010dc0       Write_Zip64EndOfCentralDirectoryRecord 0000000180011dc0 f   zip.obj
 0001:00010ef0       Write_EndOfCentralDirectoryRecord 0000000180011ef0 f   zip.obj
 0001:00011020       Write_GlobalComment        0000000180012020 f   zip.obj
 0001:000110b0       zipClose                   00000001800120b0 f   zip.obj
 0001:00011220       zlibVersion                0000000180012220 f   zutil.obj
 0001:00011230       zlibCompileFlags           0000000180012230 f   zutil.obj
 0001:00011240       zError                     0000000180012240 f   zutil.obj
 0001:00011260       zcalloc                    0000000180012260 f   zutil.obj
 0001:00011270       zcfree                     0000000180012270 f   zutil.obj
 0001:0001127a       ReadFile                   000000018001227a f   kernel32:KERNEL32.dll
 0001:00011280       WriteFile                  0000000180012280 f   kernel32:KERNEL32.dll
 0001:00011286       SetFilePointer             0000000180012286 f   kernel32:KERNEL32.dll
 0001:0001128c       CreateFileW                000000018001228c f   kernel32:KERNEL32.dll
 0001:00011292       GetLastError               0000000180012292 f   kernel32:KERNEL32.dll
 0001:00011298       CreateFileA                0000000180012298 f   kernel32:KERNEL32.dll
 0001:0001129e       CloseHandle                000000018001229e f   kernel32:KERNEL32.dll
 0001:000115e0       _CRT_INIT                  00000001800125e0 f   MSVCRT:dll_dllmain.obj
 0001:000115e8       _DllMainCRTStartup         00000001800125e8 f   MSVCRT:dll_dllmain.obj
 0001:00011694       __security_init_cookie     0000000180012694 f   MSVCRT:gs_support.obj
 0001:00011740       DllMain                    0000000180012740 f   MSVCRT:dll_dllmain_stub.obj
 0001:00011764       ?__scrt_initialize_type_info@@YAXXZ 0000000180012764 f   MSVCRT:tncleanup.obj
 0001:00011774       ?__scrt_uninitialize_type_info@@YAXXZ 0000000180012774 f   MSVCRT:tncleanup.obj
 0001:00011780       __local_stdio_scanf_options 0000000180012780 f i MSVCRT:default_local_stdio_options.obj
 0001:00011788       __scrt_initialize_default_local_stdio_options 0000000180012788 f   MSVCRT:default_local_stdio_options.obj
 0001:000117a4       ?configure_argv@__scrt_narrow_argv_policy@@SAHXZ 00000001800127a4 f i MSVCRT:utility.obj
 0001:00011804       ?initialize_environment@__scrt_narrow_environment_policy@@SAHXZ 0000000180012804 f i MSVCRT:utility.obj
 0001:0001183c       NtCurrentTeb               000000018001283c f i MSVCRT:utility.obj
 0001:00011848       __scrt_acquire_startup_lock 0000000180012848 f   MSVCRT:utility.obj
 0001:00011884       __scrt_dllmain_after_initialize_c 0000000180012884 f   MSVCRT:utility.obj
 0001:000118b8       __scrt_dllmain_before_initialize_c 00000001800128b8 f   MSVCRT:utility.obj
 0001:000118d0       __scrt_dllmain_crt_thread_attach 00000001800128d0 f   MSVCRT:utility.obj
 0001:000118f8       __scrt_dllmain_crt_thread_detach 00000001800128f8 f   MSVCRT:utility.obj
 0001:00011910       __scrt_dllmain_exception_filter 0000000180012910 f   MSVCRT:utility.obj
 0001:00011970       __scrt_dllmain_uninitialize_c 0000000180012970 f   MSVCRT:utility.obj
 0001:000119a0       __scrt_dllmain_uninitialize_critical 00000001800129a0 f   MSVCRT:utility.obj
 0001:000119b4       __scrt_initialize_crt      00000001800129b4 f   MSVCRT:utility.obj
 0001:00011a00       __scrt_initialize_onexit_tables 0000000180012a00 f   MSVCRT:utility.obj
 0001:00011a8c       __scrt_is_nonwritable_in_current_image 0000000180012a8c f   MSVCRT:utility.obj
 0001:00011b24       __scrt_release_startup_lock 0000000180012b24 f   MSVCRT:utility.obj
 0001:00011b48       __scrt_uninitialize_crt    0000000180012b48 f   MSVCRT:utility.obj
 0001:00011b74       _onexit                    0000000180012b74 f   MSVCRT:utility.obj
 0001:00011bb0       at_quick_exit              0000000180012bb0 f   MSVCRT:utility.obj
 0001:00011bd0       atexit                     0000000180012bd0 f   MSVCRT:utility.obj
 0001:00011be8       __scrt_get_dyn_tls_init_callback 0000000180012be8 f   MSVCRT:dyn_tls_init.obj
 0001:00011bf0       __crt_debugger_hook        0000000180012bf0 f   MSVCRT:utility_desktop.obj
 0001:00011bf8       __scrt_fastfail            0000000180012bf8 f   MSVCRT:utility_desktop.obj
 0001:00011d44       __scrt_get_show_window_mode 0000000180012d44 f   MSVCRT:utility_desktop.obj
 0001:00011d80       __scrt_initialize_mta      0000000180012d80 f   MSVCRT:utility_desktop.obj
 0001:00011d88       __scrt_initialize_winrt    0000000180012d88 f   MSVCRT:utility_desktop.obj
 0001:00011d8c       __scrt_is_managed_app      0000000180012d8c f   MSVCRT:utility_desktop.obj
 0001:00011de0       __scrt_set_unhandled_exception_filter 0000000180012de0 f   MSVCRT:utility_desktop.obj
 0001:00011df0       __scrt_exe_initialize_mta  0000000180012df0 f   MSVCRT:utility_desktop.obj
 0001:00011df0       __scrt_stub_for_initialize_mta 0000000180012df0 f   MSVCRT:utility_desktop.obj
 0001:00011df4       __scrt_unhandled_exception_filter 0000000180012df4 f   MSVCRT:utility_desktop.obj
 0001:00011e50       _RTC_Initialize            0000000180012e50 f   MSVCRT:initsect.obj
 0001:00011e8c       _RTC_Terminate             0000000180012e8c f   MSVCRT:initsect.obj
 0001:00011ec8       _guard_check_icall_nop     0000000180012ec8 f i MSVCRT:guard_support.obj
 0001:00011ecc       ReadNoFence64              0000000180012ecc f i MSVCRT:guard_support.obj
 0001:00011ed0       ReadPointerNoFence         0000000180012ed0 f i MSVCRT:guard_support.obj
 0001:00011ed4       __castguard_check_failure_debugbreak 0000000180012ed4 f i MSVCRT:guard_support.obj
 0001:00011ef0       __castguard_check_failure_fastfail 0000000180012ef0 f i MSVCRT:guard_support.obj
 0001:00011f14       __castguard_check_failure_nop 0000000180012f14 f i MSVCRT:guard_support.obj
 0001:00011f18       __castguard_check_failure_os_handled 0000000180012f18 f i MSVCRT:guard_support.obj
 0001:00011f94       __castguard_slow_path_check_debugbreak 0000000180012f94 f i MSVCRT:guard_support.obj
 0001:00011fc8       __castguard_slow_path_check_fastfail 0000000180012fc8 f i MSVCRT:guard_support.obj
 0001:00012004       __castguard_slow_path_check_nop 0000000180013004 f i MSVCRT:guard_support.obj
 0001:00012008       __castguard_slow_path_check_os_handled 0000000180013008 f i MSVCRT:guard_support.obj
 0001:00012078       _guard_icall_checks_enforced 0000000180013078 f i MSVCRT:guard_support.obj
 0001:00012090       _guard_rf_checks_enforced  0000000180013090 f i MSVCRT:guard_support.obj
 0001:00012094       __isa_available_init       0000000180013094 f   MSVCRT:cpu_disp.obj
 0001:00012240       _get_startup_argv_mode     0000000180013240 f   MSVCRT:argv_mode.obj
 0001:00012248       __scrt_is_ucrt_dll_in_use  0000000180013248 f   MSVCRT:ucrt_detection.obj
 0001:00012260       __C_specific_handler       0000000180013260 f   vcruntime:VCRUNTIME140.dll
 0001:00012266       __std_type_info_destroy_list 0000000180013266 f   vcruntime:VCRUNTIME140.dll
 0001:0001226c       __current_exception        000000018001326c f   vcruntime:VCRUNTIME140.dll
 0001:00012272       __current_exception_context 0000000180013272 f   vcruntime:VCRUNTIME140.dll
 0001:00012278       memset                     0000000180013278 f   vcruntime:VCRUNTIME140.dll
 0001:0001227e       _lseeki64                  000000018001327e f   ucrt:api-ms-win-crt-stdio-l1-1-0.dll
 0001:00012284       _wopen                     0000000180013284 f   ucrt:api-ms-win-crt-stdio-l1-1-0.dll
 0001:0001228a       _open                      000000018001328a f   ucrt:api-ms-win-crt-stdio-l1-1-0.dll
 0001:00012290       wcstombs                   0000000180013290 f   ucrt:api-ms-win-crt-convert-l1-1-0.dll
 0001:00012296       __stdio_common_vsprintf    0000000180013296 f   ucrt:api-ms-win-crt-stdio-l1-1-0.dll
 0001:0001229c       free                       000000018001329c f   ucrt:api-ms-win-crt-heap-l1-1-0.dll
 0001:000122a2       malloc                     00000001800132a2 f   ucrt:api-ms-win-crt-heap-l1-1-0.dll
 0001:000122a8       _read                      00000001800132a8 f   ucrt:api-ms-win-crt-stdio-l1-1-0.dll
 0001:000122ae       _close                     00000001800132ae f   ucrt:api-ms-win-crt-stdio-l1-1-0.dll
 0001:000122b4       _errno                     00000001800132b4 f   ucrt:api-ms-win-crt-runtime-l1-1-0.dll
 0001:000122ba       strerror                   00000001800132ba f   ucrt:api-ms-win-crt-runtime-l1-1-0.dll
 0001:000122c0       _write                     00000001800132c0 f   ucrt:api-ms-win-crt-stdio-l1-1-0.dll
 0001:000122c6       ftell                      00000001800132c6 f   ucrt:api-ms-win-crt-stdio-l1-1-0.dll
 0001:000122cc       ferror                     00000001800132cc f   ucrt:api-ms-win-crt-stdio-l1-1-0.dll
 0001:000122d2       fopen                      00000001800132d2 f   ucrt:api-ms-win-crt-stdio-l1-1-0.dll
 0001:000122d8       fclose                     00000001800132d8 f   ucrt:api-ms-win-crt-stdio-l1-1-0.dll
 0001:000122de       fseek                      00000001800132de f   ucrt:api-ms-win-crt-stdio-l1-1-0.dll
 0001:000122e4       fwrite                     00000001800132e4 f   ucrt:api-ms-win-crt-stdio-l1-1-0.dll
 0001:000122ea       _ftelli64                  00000001800132ea f   ucrt:api-ms-win-crt-stdio-l1-1-0.dll
 0001:000122f0       fread                      00000001800132f0 f   ucrt:api-ms-win-crt-stdio-l1-1-0.dll
 0001:000122f6       _fseeki64                  00000001800132f6 f   ucrt:api-ms-win-crt-stdio-l1-1-0.dll
 0001:000122fc       srand                      00000001800132fc f   ucrt:api-ms-win-crt-utility-l1-1-0.dll
 0001:00012302       rand                       0000000180013302 f   ucrt:api-ms-win-crt-utility-l1-1-0.dll
 0001:00012308       _time64                    0000000180013308 f   ucrt:api-ms-win-crt-time-l1-1-0.dll
 0001:0001230e       _initterm                  000000018001330e f   ucrt:api-ms-win-crt-runtime-l1-1-0.dll
 0001:00012314       _initterm_e                0000000180013314 f   ucrt:api-ms-win-crt-runtime-l1-1-0.dll
 0001:0001231a       _seh_filter_dll            000000018001331a f   ucrt:api-ms-win-crt-runtime-l1-1-0.dll
 0001:00012320       _configure_narrow_argv     0000000180013320 f   ucrt:api-ms-win-crt-runtime-l1-1-0.dll
 0001:00012326       _initialize_narrow_environment 0000000180013326 f   ucrt:api-ms-win-crt-runtime-l1-1-0.dll
 0001:0001232c       _initialize_onexit_table   000000018001332c f   ucrt:api-ms-win-crt-runtime-l1-1-0.dll
 0001:00012332       _register_onexit_function  0000000180013332 f   ucrt:api-ms-win-crt-runtime-l1-1-0.dll
 0001:00012338       _execute_onexit_table      0000000180013338 f   ucrt:api-ms-win-crt-runtime-l1-1-0.dll
 0001:0001233e       _crt_atexit                000000018001333e f   ucrt:api-ms-win-crt-runtime-l1-1-0.dll
 0001:00012344       _crt_at_quick_exit         0000000180013344 f   ucrt:api-ms-win-crt-runtime-l1-1-0.dll
 0001:0001234a       _cexit                     000000018001334a f   ucrt:api-ms-win-crt-runtime-l1-1-0.dll
 0001:00012350       terminate                  0000000180013350 f   ucrt:api-ms-win-crt-runtime-l1-1-0.dll
 0001:00012356       QueryPerformanceCounter    0000000180013356 f   kernel32:KERNEL32.dll
 0001:0001235c       GetCurrentProcessId        000000018001335c f   kernel32:KERNEL32.dll
 0001:00012362       GetCurrentThreadId         0000000180013362 f   kernel32:KERNEL32.dll
 0001:00012368       GetSystemTimeAsFileTime    0000000180013368 f   kernel32:KERNEL32.dll
 0001:0001236e       DisableThreadLibraryCalls  000000018001336e f   kernel32:KERNEL32.dll
 0001:00012374       InitializeSListHead        0000000180013374 f   kernel32:KERNEL32.dll
 0001:0001237a       RtlCaptureContext          000000018001337a f   kernel32:KERNEL32.dll
 0001:00012380       RtlLookupFunctionEntry     0000000180013380 f   kernel32:KERNEL32.dll
 0001:00012386       RtlVirtualUnwind           0000000180013386 f   kernel32:KERNEL32.dll
 0001:0001238c       IsDebuggerPresent          000000018001338c f   kernel32:KERNEL32.dll
 0001:00012392       UnhandledExceptionFilter   0000000180013392 f   kernel32:KERNEL32.dll
 0001:00012398       SetUnhandledExceptionFilter 0000000180013398 f   kernel32:KERNEL32.dll
 0001:0001239e       GetStartupInfoW            000000018001339e f   kernel32:KERNEL32.dll
 0001:000123a4       IsProcessorFeaturePresent  00000001800133a4 f   kernel32:KERNEL32.dll
 0001:000123aa       GetModuleHandleW           00000001800133aa f   kernel32:KERNEL32.dll
 0001:000123b0       __acrt_initialize          00000001800133b0 f   MSVCRT:ucrt_stubs.obj
 0001:000123b0       __scrt_stub_for_acrt_initialize 00000001800133b0 f   MSVCRT:ucrt_stubs.obj
 0001:000123b0       __vcrt_initialize          00000001800133b0 f   MSVCRT:ucrt_stubs.obj
 0001:000123b4       __acrt_thread_attach       00000001800133b4 f   MSVCRT:ucrt_stubs.obj
 0001:000123b4       __scrt_stub_for_acrt_thread_attach 00000001800133b4 f   MSVCRT:ucrt_stubs.obj
 0001:000123b4       __vcrt_thread_attach       00000001800133b4 f   MSVCRT:ucrt_stubs.obj
 0001:000123b8       __acrt_thread_detach       00000001800133b8 f   MSVCRT:ucrt_stubs.obj
 0001:000123b8       __scrt_stub_for_acrt_thread_detach 00000001800133b8 f   MSVCRT:ucrt_stubs.obj
 0001:000123b8       __vcrt_thread_detach       00000001800133b8 f   MSVCRT:ucrt_stubs.obj
 0001:000123bc       __acrt_uninitialize        00000001800133bc f   MSVCRT:ucrt_stubs.obj
 0001:000123bc       __scrt_stub_for_acrt_uninitialize 00000001800133bc f   MSVCRT:ucrt_stubs.obj
 0001:000123bc       __vcrt_uninitialize        00000001800133bc f   MSVCRT:ucrt_stubs.obj
 0001:000123c0       __acrt_uninitialize_critical 00000001800133c0 f   MSVCRT:ucrt_stubs.obj
 0001:000123c0       __scrt_stub_for_acrt_uninitialize_critical 00000001800133c0 f   MSVCRT:ucrt_stubs.obj
 0001:000123c0       __vcrt_uninitialize_critical 00000001800133c0 f   MSVCRT:ucrt_stubs.obj
 0001:000123c4       __scrt_stub_for_is_c_termination_complete 00000001800133c4 f   MSVCRT:ucrt_stubs.obj
 0001:000123c4       _is_c_termination_complete 00000001800133c4 f   MSVCRT:ucrt_stubs.obj
 0001:000123e0       __chkstk                   00000001800133e0 f   MSVCRT:chkstk.obj
 0001:000123e0       _alloca_probe              00000001800133e0 f   MSVCRT:chkstk.obj
 0001:0001242e       memchr                     000000018001342e f   vcruntime:VCRUNTIME140.dll
 0001:00012434       memcpy                     0000000180013434 f   vcruntime:VCRUNTIME140.dll
 0001:00012450       _guard_dispatch_icall_nop  0000000180013450 f   MSVCRT:guard_dispatch.obj
 0001:00012470       _guard_xfg_dispatch_icall_nop 0000000180013470 f   MSVCRT:guard_xfg_dispatch.obj
 0002:00000000       __imp_ReadFile             0000000180014000     kernel32:KERNEL32.dll
 0002:00000008       __imp_WriteFile            0000000180014008     kernel32:KERNEL32.dll
 0002:00000010       __imp_SetFilePointer       0000000180014010     kernel32:KERNEL32.dll
 0002:00000018       __imp_CreateFileW          0000000180014018     kernel32:KERNEL32.dll
 0002:00000020       __imp_GetLastError         0000000180014020     kernel32:KERNEL32.dll
 0002:00000028       __imp_CreateFileA          0000000180014028     kernel32:KERNEL32.dll
 0002:00000030       __imp_CloseHandle          0000000180014030     kernel32:KERNEL32.dll
 0002:00000038       __imp_GetCurrentProcessId  0000000180014038     kernel32:KERNEL32.dll
 0002:00000040       __imp_GetCurrentThreadId   0000000180014040     kernel32:KERNEL32.dll
 0002:00000048       __imp_GetSystemTimeAsFileTime 0000000180014048     kernel32:KERNEL32.dll
 0002:00000050       __imp_DisableThreadLibraryCalls 0000000180014050     kernel32:KERNEL32.dll
 0002:00000058       __imp_InitializeSListHead  0000000180014058     kernel32:KERNEL32.dll
 0002:00000060       __imp_RtlCaptureContext    0000000180014060     kernel32:KERNEL32.dll
 0002:00000068       __imp_RtlLookupFunctionEntry 0000000180014068     kernel32:KERNEL32.dll
 0002:00000070       __imp_GetModuleHandleW     0000000180014070     kernel32:KERNEL32.dll
 0002:00000078       __imp_IsProcessorFeaturePresent 0000000180014078     kernel32:KERNEL32.dll
 0002:00000080       __imp_GetStartupInfoW      0000000180014080     kernel32:KERNEL32.dll
 0002:00000088       __imp_SetUnhandledExceptionFilter 0000000180014088     kernel32:KERNEL32.dll
 0002:00000090       __imp_UnhandledExceptionFilter 0000000180014090     kernel32:KERNEL32.dll
 0002:00000098       __imp_IsDebuggerPresent    0000000180014098     kernel32:KERNEL32.dll
 0002:000000a0       __imp_RtlVirtualUnwind     00000001800140a0     kernel32:KERNEL32.dll
 0002:000000a8       __imp_QueryPerformanceCounter 00000001800140a8     kernel32:KERNEL32.dll
 0002:000000b0       \177KERNEL32_NULL_THUNK_DATA 00000001800140b0     kernel32:KERNEL32.dll
 0002:000000b8       __imp___current_exception  00000001800140b8     vcruntime:VCRUNTIME140.dll
 0002:000000c0       __imp___std_type_info_destroy_list 00000001800140c0     vcruntime:VCRUNTIME140.dll
 0002:000000c8       __imp___C_specific_handler 00000001800140c8     vcruntime:VCRUNTIME140.dll
 0002:000000d0       __imp___current_exception_context 00000001800140d0     vcruntime:VCRUNTIME140.dll
 0002:000000d8       __imp_memset               00000001800140d8     vcruntime:VCRUNTIME140.dll
 0002:000000e0       __imp_memchr               00000001800140e0     vcruntime:VCRUNTIME140.dll
 0002:000000e8       __imp_memcpy               00000001800140e8     vcruntime:VCRUNTIME140.dll
 0002:000000f0       \177VCRUNTIME140_NULL_THUNK_DATA 00000001800140f0     vcruntime:VCRUNTIME140.dll
 0002:000000f8       __imp_wcstombs             00000001800140f8     ucrt:api-ms-win-crt-convert-l1-1-0.dll
 0002:00000100       \177api-ms-win-crt-convert-l1-1-0_NULL_THUNK_DATA 0000000180014100     ucrt:api-ms-win-crt-convert-l1-1-0.dll
 0002:00000108       __imp_free                 0000000180014108     ucrt:api-ms-win-crt-heap-l1-1-0.dll
 0002:00000110       __imp_malloc               0000000180014110     ucrt:api-ms-win-crt-heap-l1-1-0.dll
 0002:00000118       \177api-ms-win-crt-heap-l1-1-0_NULL_THUNK_DATA 0000000180014118     ucrt:api-ms-win-crt-heap-l1-1-0.dll
 0002:00000120       __imp_strerror             0000000180014120     ucrt:api-ms-win-crt-runtime-l1-1-0.dll
 0002:00000128       __imp__cexit               0000000180014128     ucrt:api-ms-win-crt-runtime-l1-1-0.dll
 0002:00000130       __imp__initterm            0000000180014130     ucrt:api-ms-win-crt-runtime-l1-1-0.dll
 0002:00000138       __imp__initterm_e          0000000180014138     ucrt:api-ms-win-crt-runtime-l1-1-0.dll
 0002:00000140       __imp__seh_filter_dll      0000000180014140     ucrt:api-ms-win-crt-runtime-l1-1-0.dll
 0002:00000148       __imp__configure_narrow_argv 0000000180014148     ucrt:api-ms-win-crt-runtime-l1-1-0.dll
 0002:00000150       __imp__initialize_narrow_environment 0000000180014150     ucrt:api-ms-win-crt-runtime-l1-1-0.dll
 0002:00000158       __imp__initialize_onexit_table 0000000180014158     ucrt:api-ms-win-crt-runtime-l1-1-0.dll
 0002:00000160       __imp__register_onexit_function 0000000180014160     ucrt:api-ms-win-crt-runtime-l1-1-0.dll
 0002:00000168       __imp__execute_onexit_table 0000000180014168     ucrt:api-ms-win-crt-runtime-l1-1-0.dll
 0002:00000170       __imp__crt_atexit          0000000180014170     ucrt:api-ms-win-crt-runtime-l1-1-0.dll
 0002:00000178       __imp__crt_at_quick_exit   0000000180014178     ucrt:api-ms-win-crt-runtime-l1-1-0.dll
 0002:00000180       __imp__errno               0000000180014180     ucrt:api-ms-win-crt-runtime-l1-1-0.dll
 0002:00000188       __imp_terminate            0000000180014188     ucrt:api-ms-win-crt-runtime-l1-1-0.dll
 0002:00000190       \177api-ms-win-crt-runtime-l1-1-0_NULL_THUNK_DATA 0000000180014190     ucrt:api-ms-win-crt-runtime-l1-1-0.dll
 0002:00000198       __imp__lseeki64            0000000180014198     ucrt:api-ms-win-crt-stdio-l1-1-0.dll
 0002:000001a0       __imp_fseek                00000001800141a0     ucrt:api-ms-win-crt-stdio-l1-1-0.dll
 0002:000001a8       __imp__wopen               00000001800141a8     ucrt:api-ms-win-crt-stdio-l1-1-0.dll
 0002:000001b0       __imp__open                00000001800141b0     ucrt:api-ms-win-crt-stdio-l1-1-0.dll
 0002:000001b8       __imp__ftelli64            00000001800141b8     ucrt:api-ms-win-crt-stdio-l1-1-0.dll
 0002:000001c0       __imp_fopen                00000001800141c0     ucrt:api-ms-win-crt-stdio-l1-1-0.dll
 0002:000001c8       __imp_ferror               00000001800141c8     ucrt:api-ms-win-crt-stdio-l1-1-0.dll
 0002:000001d0       __imp_ftell                00000001800141d0     ucrt:api-ms-win-crt-stdio-l1-1-0.dll
 0002:000001d8       __imp__write               00000001800141d8     ucrt:api-ms-win-crt-stdio-l1-1-0.dll
 0002:000001e0       __imp_fclose               00000001800141e0     ucrt:api-ms-win-crt-stdio-l1-1-0.dll
 0002:000001e8       __imp_fread                00000001800141e8     ucrt:api-ms-win-crt-stdio-l1-1-0.dll
 0002:000001f0       __imp__close               00000001800141f0     ucrt:api-ms-win-crt-stdio-l1-1-0.dll
 0002:000001f8       __imp__read                00000001800141f8     ucrt:api-ms-win-crt-stdio-l1-1-0.dll
 0002:00000200       __imp_fwrite               0000000180014200     ucrt:api-ms-win-crt-stdio-l1-1-0.dll
 0002:00000208       __imp__fseeki64            0000000180014208     ucrt:api-ms-win-crt-stdio-l1-1-0.dll
 0002:00000210       __imp___stdio_common_vsprintf 0000000180014210     ucrt:api-ms-win-crt-stdio-l1-1-0.dll
 0002:00000218       \177api-ms-win-crt-stdio-l1-1-0_NULL_THUNK_DATA 0000000180014218     ucrt:api-ms-win-crt-stdio-l1-1-0.dll
 0002:00000220       __imp__time64              0000000180014220     ucrt:api-ms-win-crt-time-l1-1-0.dll
 0002:00000228       \177api-ms-win-crt-time-l1-1-0_NULL_THUNK_DATA 0000000180014228     ucrt:api-ms-win-crt-time-l1-1-0.dll
 0002:00000230       __imp_srand                0000000180014230     ucrt:api-ms-win-crt-utility-l1-1-0.dll
 0002:00000238       __imp_rand                 0000000180014238     ucrt:api-ms-win-crt-utility-l1-1-0.dll
 0002:00000240       \177api-ms-win-crt-utility-l1-1-0_NULL_THUNK_DATA 0000000180014240     ucrt:api-ms-win-crt-utility-l1-1-0.dll
 0002:00000248       __guard_check_icall_fptr   0000000180014248     MSVCRT:guard_support.obj
 0002:00000250       __guard_xfg_check_icall_fptr 0000000180014250     MSVCRT:guard_support.obj
 0002:00000258       __guard_dispatch_icall_fptr 0000000180014258     MSVCRT:guard_support.obj
 0002:00000260       __guard_xfg_dispatch_icall_fptr 0000000180014260     MSVCRT:guard_support.obj
 0002:00000268       __guard_xfg_table_dispatch_icall_fptr 0000000180014268     MSVCRT:guard_support.obj
 0002:00000270       __castguard_check_failure_os_handled_fptr 0000000180014270     MSVCRT:guard_support.obj
 0002:00000278       __guard_memcpy_fptr        0000000180014278     vcruntime:softmemtag.obj
 0002:00000280       __xc_a                     0000000180014280     MSVCRT:initializers.obj
 0002:00000288       __xc_z                     0000000180014288     MSVCRT:initializers.obj
 0002:00000290       __xi_a                     0000000180014290     MSVCRT:initializers.obj
 0002:00000298       __xi_z                     0000000180014298     MSVCRT:initializers.obj
 0002:000002a0       __xp_a                     00000001800142a0     MSVCRT:initializers.obj
 0002:000002a8       __xp_z                     00000001800142a8     MSVCRT:initializers.obj
 0002:000002b0       __xt_a                     00000001800142b0     MSVCRT:initializers.obj
 0002:000002b8       __xt_z                     00000001800142b8     MSVCRT:initializers.obj
 0002:000002c0       _pDefaultRawDllMain        00000001800142c0     MSVCRT:dll_dllmain.obj
 0002:000002c0       _pRawDllMain               00000001800142c0     MSVCRT:dll_dllmain.obj
 0002:000002d0       __xmm@ffffffffffffffffffffffffffffffff 00000001800142d0     MSVCRT:utility.obj
 0002:000002e0       ??_C@_06CJNJFBNP@1?42?411@ 00000001800142e0     compress.obj
 0002:00003600       _length_code               0000000180017600     trees.obj
 0002:00003700       _dist_code                 0000000180017700     trees.obj
 0002:000040d0       unz_copyright              00000001800180d0     unzip.obj
 0002:00004130       z_errmsg                   0000000180018130     zutil.obj
 0002:00004180       ??_C@_02DKCKIIND@?$CFs@    0000000180018180     gzlib.obj
 0002:00004188       ??_C@_07EBNKNFJN@?$DMfd?3?$CFd?$DO@ 0000000180018188     gzlib.obj
 0002:00004190       ??_C@_0O@BNNCBLEN@out?5of?5memory@ 0000000180018190     gzlib.obj
 0002:0000419e       ??_C@_00CNPNBAHC@@         000000018001819e     gzlib.obj
 0002:000041a0       ??_C@_02LMMGGCAJ@?3?5@     00000001800181a0     gzlib.obj
 0002:000041a4       ??_C@_06DIJPEION@?$CFs?$CFs?$CFs@ 00000001800181a4     gzlib.obj
 0002:000041b0       ??_C@_0BH@CFIIDOJD@unexpected?5end?5of?5file@ 00000001800181b0     gzread.obj
 0002:000041c8       ??_C@_0CH@CPOLIEKA@internal?5error?3?5inflate?5stream?5@ 00000001800181c8     gzread.obj
 0002:000041f0       ??_C@_0BG@HCKBMIHF@compressed?5data?5error@ 00000001800181f0     gzread.obj
 0002:00004208       ??_C@_0BP@HLDABFKK@request?5does?5not?5fit?5in?5an?5int@ 0000000180018208     gzread.obj
 0002:00004228       ??_C@_0CB@EGGJDMIK@request?5does?5not?5fit?5in?5a?5size_@ 0000000180018228     gzread.obj
 0002:00004250       ??_C@_0BP@IIKIGMCC@out?5of?5room?5to?5push?5characters@ 0000000180018250     gzread.obj
 0002:00004270       ??_C@_0CH@DEEGAHIB@internal?5error?3?5deflate?5stream?5@ 0000000180018270     gzwrite.obj
 0002:00004298       ??_C@_0CF@MLPJFDMM@requested?5length?5does?5not?5fit?5i@ 0000000180018298     gzwrite.obj
 0002:000042c0       ??_C@_0BD@PJCBIDD@invalid?5block?5type@ 00000001800182c0     infback.obj
 0002:000042d8       ??_C@_0BN@LGAADGOK@invalid?5stored?5block?5lengths@ 00000001800182d8     infback.obj
 0002:000042f8       ??_C@_0CE@GMIGFPBB@too?5many?5length?5or?5distance?5sym@ 00000001800182f8     infback.obj
 0002:00004320       ??_C@_0BJ@HDEPPGOH@invalid?5code?5lengths?5set@ 0000000180018320     infback.obj
 0002:00004340       ??_C@_0BK@BMMPFBBH@invalid?5bit?5length?5repeat@ 0000000180018340     infback.obj
 0002:00004360       ??_C@_0CF@DGDMADCD@invalid?5code?5?9?9?5missing?5end?9of?9@ 0000000180018360     infback.obj
 0002:00004388       ??_C@_0BM@IIMGAINC@invalid?5literal?1lengths?5set@ 0000000180018388     infback.obj
 0002:000043a8       ??_C@_0BG@GMDFCBGP@invalid?5distances?5set@ 00000001800183a8     infback.obj
 0002:000043c0       ??_C@_0BM@FFFLPBBC@invalid?5literal?1length?5code@ 00000001800183c0     infback.obj
 0002:000043e0       ??_C@_0BG@LBKINIKP@invalid?5distance?5code@ 00000001800183e0     infback.obj
 0002:000043f8       ??_C@_0BO@ECPMAOGG@invalid?5distance?5too?5far?5back@ 00000001800183f8     infback.obj
 0002:00004418       ??_C@_0BH@LIBMMIGA@incorrect?5header?5check@ 0000000180018418     inflate.obj
 0002:00004430       ??_C@_0BL@IHKGDAEE@unknown?5compression?5method@ 0000000180018430     inflate.obj
 0002:00004450       ??_C@_0BE@EMOGCLGO@invalid?5window?5size@ 0000000180018450     inflate.obj
 0002:00004468       ??_C@_0BJ@BLBBCOMO@unknown?5header?5flags?5set@ 0000000180018468     inflate.obj
 0002:00004488       ??_C@_0BE@GONKLEPM@header?5crc?5mismatch@ 0000000180018488     inflate.obj
 0002:000044a0       ??_C@_0BF@MEIGEHBE@incorrect?5data?5check@ 00000001800184a0     inflate.obj
 0002:000044b8       ??_C@_0BH@FGKKJGOC@incorrect?5length?5check@ 00000001800184b8     inflate.obj
 0002:000044d0       ??_C@_02JDPG@rb@           00000001800184d0     ioapi.obj
 0002:000044d4       ??_C@_03HMFOOINA@r?$CLb@   00000001800184d4     ioapi.obj
 0002:000044d8       ??_C@_02GMLFBBN@wb@        00000001800184d8     ioapi.obj
 0002:000044dc       ??_C@_01JOAMLHOP@?9@       00000001800184dc     zip.obj
 0002:000044e0       ??_C@_0BA@MOKMMFOD@need?5dictionary@ 00000001800184e0     zutil.obj
 0002:000044f0       ??_C@_0L@FNAOCBOG@stream?5end@ 00000001800184f0     zutil.obj
 0002:00004500       ??_C@_0L@KIJFAKBJ@file?5error@ 0000000180018500     zutil.obj
 0002:00004510       ??_C@_0N@MKKNPMJD@stream?5error@ 0000000180018510     zutil.obj
 0002:00004520       ??_C@_0L@HAHMBNLP@data?5error@ 0000000180018520     zutil.obj
 0002:00004530       ??_C@_0BE@OGGJBMCE@insufficient?5memory@ 0000000180018530     zutil.obj
 0002:00004548       ??_C@_0N@DFPGLBGC@buffer?5error@ 0000000180018548     zutil.obj
 0002:00004558       ??_C@_0BF@CJFPCCEG@incompatible?5version@ 0000000180018558     zutil.obj
 0002:00004570       _load_config_used          0000000180018570     MSVCRT:loadcfg.obj
 0002:00004780       __CastGuardVftablesStart   0000000180018780     MSVCRT:guard_support.obj
 0002:00004800       __CastGuardVftablesEnd     0000000180018800     MSVCRT:guard_support.obj
 0002:00004880       __volatile_metadata        0000000180018880     <linker-defined>
 0002:00004c40       __rtc_iaa                  0000000180018c40     MSVCRT:initsect.obj
 0002:00004c48       __rtc_izz                  0000000180018c48     MSVCRT:initsect.obj
 0002:00004c50       __rtc_taa                  0000000180018c50     MSVCRT:initsect.obj
 0002:00004c58       __rtc_tzz                  0000000180018c58     MSVCRT:initsect.obj
 0002:0000711c       __IMPORT_DESCRIPTOR_KERNEL32 000000018001b11c     kernel32:KERNEL32.dll
 0002:00007130       __IMPORT_DESCRIPTOR_VCRUNTIME140 000000018001b130     vcruntime:VCRUNTIME140.dll
 0002:00007144       __IMPORT_DESCRIPTOR_api-ms-win-crt-stdio-l1-1-0 000000018001b144     ucrt:api-ms-win-crt-stdio-l1-1-0.dll
 0002:00007158       __IMPORT_DESCRIPTOR_api-ms-win-crt-convert-l1-1-0 000000018001b158     ucrt:api-ms-win-crt-convert-l1-1-0.dll
 0002:0000716c       __IMPORT_DESCRIPTOR_api-ms-win-crt-heap-l1-1-0 000000018001b16c     ucrt:api-ms-win-crt-heap-l1-1-0.dll
 0002:00007180       __IMPORT_DESCRIPTOR_api-ms-win-crt-runtime-l1-1-0 000000018001b180     ucrt:api-ms-win-crt-runtime-l1-1-0.dll
 0002:00007194       __IMPORT_DESCRIPTOR_api-ms-win-crt-utility-l1-1-0 000000018001b194     ucrt:api-ms-win-crt-utility-l1-1-0.dll
 0002:000071a8       __IMPORT_DESCRIPTOR_api-ms-win-crt-time-l1-1-0 000000018001b1a8     ucrt:api-ms-win-crt-time-l1-1-0.dll
 0002:000071bc       __NULL_IMPORT_DESCRIPTOR   000000018001b1bc     kernel32:KERNEL32.dll
 0003:00000000       __scrt_native_dllmain_reason 000000018001c000     MSVCRT:utility.obj
 0003:00000008       __security_cookie          000000018001c008     MSVCRT:gs_cookie.obj
 0003:00000010       __security_cookie_complement 000000018001c010     MSVCRT:gs_cookie.obj
 0003:00000018       __isa_available            000000018001c018     MSVCRT:cpu_disp.obj
 0003:0000001c       __isa_enabled              000000018001c01c     MSVCRT:cpu_disp.obj
 0003:00000020       __memset_fast_string_threshold 000000018001c020     MSVCRT:cpu_disp.obj
 0003:00000028       __memset_nt_threshold      000000018001c028     MSVCRT:cpu_disp.obj
 0003:00000030       __scrt_ucrt_dll_is_in_use  000000018001c030     MSVCRT:ucrt_stubs.obj
 0003:00000050       ?__type_info_root_node@@3U__type_info_node@@A 000000018001c050     MSVCRT:tncleanup.obj
 0003:00000060       ?_OptionsStorage@?1??__local_stdio_printf_options@@9@4_KA 000000018001c060     MSVCRT:default_local_stdio_options.obj
 0003:00000068       ?_OptionsStorage@?1??__local_stdio_scanf_options@@9@4_KA 000000018001c068     MSVCRT:default_local_stdio_options.obj
 0003:00000070       __scrt_current_native_startup_state 000000018001c070     MSVCRT:utility.obj
 0003:00000078       __scrt_native_startup_lock 000000018001c078     MSVCRT:utility.obj
 0003:000000b8       __scrt_debugger_hook_flag  000000018001c0b8     MSVCRT:utility_desktop.obj
 0003:000000bc       __favor                    000000018001c0bc     MSVCRT:cpu_disp.obj
 0003:000000c8       __dyn_tls_init_callback    000000018001c0c8     <common>
 0003:000000d0       ?_OptionsStorage@?1??__local_stdio_printf_options@@9@9 000000018001c0d0     <common>
 0003:000000d8       ?_OptionsStorage@?1??__local_stdio_scanf_options@@9@9 000000018001c0d8     <common>

 entry point at        0001:000115e8

 Static symbols

 0000:fffdf000       .debug$S                   0000000180000000     zlibwapi.exp
 0000:fffdf000       .debug$S                   0000000180000000     ucrt:api-ms-win-crt-convert-l1-1-0.dll
 0000:fffdf000       .debug$S                   0000000180000000     ucrt:api-ms-win-crt-heap-l1-1-0.dll
 0000:fffdf000       .debug$S                   0000000180000000     ucrt:api-ms-win-crt-heap-l1-1-0.dll
 0000:fffdf000       .debug$S                   0000000180000000     ucrt:api-ms-win-crt-runtime-l1-1-0.dll
 0000:fffdf000       .debug$S                   0000000180000000     ucrt:api-ms-win-crt-runtime-l1-1-0.dll
 0000:fffdf000       .debug$S                   0000000180000000     ucrt:api-ms-win-crt-runtime-l1-1-0.dll
 0000:fffdf000       .debug$S                   0000000180000000     ucrt:api-ms-win-crt-runtime-l1-1-0.dll
 0000:fffdf000       .debug$S                   0000000180000000     ucrt:api-ms-win-crt-runtime-l1-1-0.dll
 0000:fffdf000       .debug$S                   0000000180000000     ucrt:api-ms-win-crt-runtime-l1-1-0.dll
 0000:fffdf000       .debug$S                   0000000180000000     ucrt:api-ms-win-crt-runtime-l1-1-0.dll
 0000:fffdf000       .debug$S                   0000000180000000     ucrt:api-ms-win-crt-runtime-l1-1-0.dll
 0000:fffdf000       .debug$S                   0000000180000000     ucrt:api-ms-win-crt-runtime-l1-1-0.dll
 0000:fffdf000       .debug$S                   0000000180000000     ucrt:api-ms-win-crt-runtime-l1-1-0.dll
 0000:fffdf000       .debug$S                   0000000180000000     ucrt:api-ms-win-crt-runtime-l1-1-0.dll
 0000:fffdf000       .debug$S                   0000000180000000     ucrt:api-ms-win-crt-runtime-l1-1-0.dll
 0000:fffdf000       .debug$S                   0000000180000000     ucrt:api-ms-win-crt-runtime-l1-1-0.dll
 0000:fffdf000       .debug$S                   0000000180000000     ucrt:api-ms-win-crt-runtime-l1-1-0.dll
 0000:fffdf000       .debug$S                   0000000180000000     ucrt:api-ms-win-crt-stdio-l1-1-0.dll
 0000:fffdf000       .debug$S                   0000000180000000     ucrt:api-ms-win-crt-stdio-l1-1-0.dll
 0000:fffdf000       .debug$S                   0000000180000000     ucrt:api-ms-win-crt-stdio-l1-1-0.dll
 0000:fffdf000       .debug$S                   0000000180000000     ucrt:api-ms-win-crt-stdio-l1-1-0.dll
 0000:fffdf000       .debug$S                   0000000180000000     ucrt:api-ms-win-crt-stdio-l1-1-0.dll
 0000:fffdf000       .debug$S                   0000000180000000     ucrt:api-ms-win-crt-stdio-l1-1-0.dll
 0000:fffdf000       .debug$S                   0000000180000000     ucrt:api-ms-win-crt-stdio-l1-1-0.dll
 0000:fffdf000       .debug$S                   0000000180000000     ucrt:api-ms-win-crt-stdio-l1-1-0.dll
 0000:fffdf000       .debug$S                   0000000180000000     ucrt:api-ms-win-crt-stdio-l1-1-0.dll
 0000:fffdf000       .debug$S                   0000000180000000     ucrt:api-ms-win-crt-stdio-l1-1-0.dll
 0000:fffdf000       .debug$S                   0000000180000000     ucrt:api-ms-win-crt-stdio-l1-1-0.dll
 0000:fffdf000       .debug$S                   0000000180000000     ucrt:api-ms-win-crt-stdio-l1-1-0.dll
 0000:fffdf000       .debug$S                   0000000180000000     ucrt:api-ms-win-crt-stdio-l1-1-0.dll
 0000:fffdf000       .debug$S                   0000000180000000     ucrt:api-ms-win-crt-stdio-l1-1-0.dll
 0000:fffdf000       .debug$S                   0000000180000000     ucrt:api-ms-win-crt-stdio-l1-1-0.dll
 0000:fffdf000       .debug$S                   0000000180000000     ucrt:api-ms-win-crt-stdio-l1-1-0.dll
 0000:fffdf000       .debug$S                   0000000180000000     ucrt:api-ms-win-crt-time-l1-1-0.dll
 0000:fffdf000       .debug$S                   0000000180000000     ucrt:api-ms-win-crt-utility-l1-1-0.dll
 0000:fffdf000       .debug$S                   0000000180000000     ucrt:api-ms-win-crt-utility-l1-1-0.dll
 0000:fffdf000       .debug$S                   0000000180000000     kernel32:KERNEL32.dll
 0000:fffdf000       .debug$S                   0000000180000000     kernel32:KERNEL32.dll
 0000:fffdf000       .debug$S                   0000000180000000     kernel32:KERNEL32.dll
 0000:fffdf000       .debug$S                   0000000180000000     kernel32:KERNEL32.dll
 0000:fffdf000       .debug$S                   0000000180000000     kernel32:KERNEL32.dll
 0000:fffdf000       .debug$S                   0000000180000000     kernel32:KERNEL32.dll
 0000:fffdf000       .debug$S                   0000000180000000     kernel32:KERNEL32.dll
 0000:fffdf000       .debug$S                   0000000180000000     kernel32:KERNEL32.dll
 0000:fffdf000       .debug$S                   0000000180000000     kernel32:KERNEL32.dll
 0000:fffdf000       .debug$S                   0000000180000000     kernel32:KERNEL32.dll
 0000:fffdf000       .debug$S                   0000000180000000     kernel32:KERNEL32.dll
 0000:fffdf000       .debug$S                   0000000180000000     kernel32:KERNEL32.dll
 0000:fffdf000       .debug$S                   0000000180000000     kernel32:KERNEL32.dll
 0000:fffdf000       .debug$S                   0000000180000000     kernel32:KERNEL32.dll
 0000:fffdf000       .debug$S                   0000000180000000     kernel32:KERNEL32.dll
 0000:fffdf000       .debug$S                   0000000180000000     kernel32:KERNEL32.dll
 0000:fffdf000       .debug$S                   0000000180000000     kernel32:KERNEL32.dll
 0000:fffdf000       .debug$S                   0000000180000000     kernel32:KERNEL32.dll
 0000:fffdf000       .debug$S                   0000000180000000     kernel32:KERNEL32.dll
 0000:fffdf000       .debug$S                   0000000180000000     kernel32:KERNEL32.dll
 0000:fffdf000       .debug$S                   0000000180000000     kernel32:KERNEL32.dll
 0000:fffdf000       .debug$S                   0000000180000000     kernel32:KERNEL32.dll
 0000:00000000       _volmd                     0000000180000000     MSVCRT:cpu_disp.obj
 0002:fffec000       __guard_ehcont_?dllmain_dispatch@@YAHQEAUHINSTANCE__@@KQEAX@Z 0000000180000000     MSVCRT:dll_dllmain.obj
 0002:fffec000       __guard_fids_?dllmain_dispatch@@YAHQEAUHINSTANCE__@@KQEAX@Z 0000000180000000     MSVCRT:dll_dllmain.obj
 0002:fffec000       __guard_fids__             0000000180000000     MSVCRT:guard_support.obj
 0002:fffec000       __guard_fids__             0000000180000000     MSVCRT:guard_support.obj
 0002:fffec000       __guard_fids__guard_icall_checks_enforced 0000000180000000     MSVCRT:guard_support.obj
 0000:00000000       _volmd                     0000000180000000     MSVCRT:guard_support.obj
 0000:00000000       _volmd                     0000000180000000     MSVCRT:guard_support.obj
 0000:00000000       _volmd                     0000000180000000     MSVCRT:guard_support.obj
 0000:00000000       _volmd                     0000000180000000     MSVCRT:guard_support.obj
 0000:00000000       _volmd                     0000000180000000     MSVCRT:guard_support.obj
 0000:00000000       _volmd                     0000000180000000     MSVCRT:guard_support.obj
 0002:fffec000       __guard_ehcont___scrt_is_nonwritable_in_current_image 0000000180000000     MSVCRT:utility.obj
 0000:00000000       _volmd                     0000000180000000     MSVCRT:utility.obj
 0000:00000000       _volmd                     0000000180000000     MSVCRT:utility.obj
 0000:00000000       _volmd                     0000000180000000     MSVCRT:utility.obj
 0002:fffec000       __guard_fids___scrt_set_unhandled_exception_filter 0000000180000000     MSVCRT:utility_desktop.obj
 0000:00000000       _volmd                     0000000180000000     MSVCRT:utility_desktop.obj
 0002:fffec000       __guard_fids__             0000000180000000     vcruntime:softmemtag.obj
 0000:fffdf000       .debug$S                   0000000180000000     vcruntime:VCRUNTIME140.dll
 0000:fffdf000       .debug$S                   0000000180000000     vcruntime:VCRUNTIME140.dll
 0000:fffdf000       .debug$S                   0000000180000000     vcruntime:VCRUNTIME140.dll
 0000:fffdf000       .debug$S                   0000000180000000     vcruntime:VCRUNTIME140.dll
 0000:fffdf000       .debug$S                   0000000180000000     vcruntime:VCRUNTIME140.dll
 0000:fffdf000       .debug$S                   0000000180000000     vcruntime:VCRUNTIME140.dll
 0000:fffdf000       .debug$S                   0000000180000000     vcruntime:VCRUNTIME140.dll
 0001:000002f0       adler32_combine_           00000001800012f0 f   adler32.obj
 0001:00000550       crc32_little               0000000180001550 f   crc32.obj
 0001:00000860       crc32_big                  0000000180001860 f   crc32.obj
 0001:00000be0       gf2_matrix_times           0000000180001be0 f   crc32.obj
 0001:00000c00       gf2_matrix_square          0000000180001c00 f   crc32.obj
 0001:00000c40       crc32_combine_             0000000180001c40 f   crc32.obj
 0001:00000e00       slide_hash                 0000000180001e00 f   deflate.obj
 0001:00001150       deflateStateCheck          0000000180002150 f   deflate.obj
 0001:00001920       putShortMSB                0000000180002920 f   deflate.obj
 0001:00001950       flush_pending              0000000180002950 f   deflate.obj
 0001:000025e0       read_buf                   00000001800035e0 f   deflate.obj
 0001:00002680       lm_init                    0000000180003680 f   deflate.obj
 0001:00002730       longest_match              0000000180003730 f   deflate.obj
 0001:000028f0       fill_window                00000001800038f0 f   deflate.obj
 0001:00002b10       deflate_stored             0000000180003b10 f   deflate.obj
 0001:00002f20       deflate_fast               0000000180003f20 f   deflate.obj
 0001:00003340       deflate_slow               0000000180004340 f   deflate.obj
 0001:00003860       deflate_rle                0000000180004860 f   deflate.obj
 0001:00003ba0       deflate_huff               0000000180004ba0 f   deflate.obj
 0001:00003e70       gz_reset                   0000000180004e70 f   gzlib.obj
 0001:00003ec0       gz_open                    0000000180004ec0 f   gzlib.obj
 0001:00004170       $LN55                      0000000180005170     gzlib.obj
 0001:0000419c       $LN54                      000000018000519c     gzlib.obj
 0001:00004760       gz_load                    0000000180005760 f   gzread.obj
 0001:00004810       gz_avail                   0000000180005810 f   gzread.obj
 0001:000048a0       gz_look                    00000001800058a0 f   gzread.obj
 0001:00004a80       gz_decomp                  0000000180005a80 f   gzread.obj
 0001:00004bb0       gz_fetch                   0000000180005bb0 f   gzread.obj
 0001:00004c60       gz_skip                    0000000180005c60 f   gzread.obj
 0001:00004ce0       gz_read                    0000000180005ce0 f   gzread.obj
 0001:00005320       gz_init                    0000000180006320 f   gzwrite.obj
 0001:00005450       gz_comp                    0000000180006450 f   gzwrite.obj
 0001:00005610       gz_zero                    0000000180006610 f   gzwrite.obj
 0001:000056c0       gz_write                   00000001800066c0 f   gzwrite.obj
 0001:00005ee0       fixedtables                0000000180006ee0 f   infback.obj
 0001:00006dc8       $LN481                     0000000180007dc8     infback.obj
 0001:00007350       inflateStateCheck          0000000180008350 f   inflate.obj
 0001:00007660       fixedtables                0000000180008660 f   inflate.obj
 0001:00007690       updatewindow               0000000180008690 f   inflate.obj
 0001:00008f24       $LN820                     0000000180009f24     inflate.obj
 0001:000091a0       syncsearch                 000000018000a1a0 f   inflate.obj
 0001:00009ce0       fopen_file_func            000000018000ace0 f   ioapi.obj
 0001:00009d30       fopen64_file_func          000000018000ad30 f   ioapi.obj
 0001:00009d80       fread_file_func            000000018000ad80 f   ioapi.obj
 0001:00009da0       fwrite_file_func           000000018000ada0 f   ioapi.obj
 0001:00009dc0       ftell_file_func            000000018000adc0 f   ioapi.obj
 0001:00009dd0       ftell64_file_func          000000018000add0 f   ioapi.obj
 0001:00009de0       fseek_file_func            000000018000ade0 f   ioapi.obj
 0001:00009e40       fseek64_file_func          000000018000ae40 f   ioapi.obj
 0001:00009ea0       fclose_file_func           000000018000aea0 f   ioapi.obj
 0001:00009eb0       ferror_file_func           000000018000aeb0 f   ioapi.obj
 0001:00009f20       win32_translate_open_mode  000000018000af20 f   iowin32.obj
 0001:00009f80       win32_build_iowin          000000018000af80 f   iowin32.obj
 0001:0000a2d0       MySetFilePointerEx         000000018000b2d0 f   iowin32.obj
 0001:0000a6d0       tr_static_init             000000018000b6d0 f   trees.obj
 0001:0000a750       init_block                 000000018000b750 f   trees.obj
 0001:0000a920       pqdownheap                 000000018000b920 f   trees.obj
 0001:0000aa10       gen_bitlen                 000000018000ba10 f   trees.obj
 0001:0000ac20       gen_codes                  000000018000bc20 f   trees.obj
 0001:0000ad40       build_tree                 000000018000bd40 f   trees.obj
 0001:0000af80       scan_tree                  000000018000bf80 f   trees.obj
 0001:0000b090       send_tree                  000000018000c090 f   trees.obj
 0001:0000b600       build_bl_tree              000000018000c600 f   trees.obj
 0001:0000b6d0       send_all_trees             000000018000c6d0 f   trees.obj
 0001:0000bdc0       compress_block             000000018000cdc0 f   trees.obj
 0001:0000c220       detect_data_type           000000018000d220 f   trees.obj
 0001:0000c2a0       bi_reverse                 000000018000d2a0 f   trees.obj
 0001:0000c2c0       bi_flush                   000000018000d2c0 f   trees.obj
 0001:0000c340       bi_windup                  000000018000d340 f   trees.obj
 0001:0000c520       unz64local_getByte         000000018000d520 f   unzip.obj
 0001:0000c590       unz64local_getShort        000000018000d590 f   unzip.obj
 0001:0000c610       unz64local_getLong         000000018000d610 f   unzip.obj
 0001:0000c6e0       unz64local_getLong64       000000018000d6e0 f   unzip.obj
 0001:0000c860       strcmpcasenosensitive_internal 000000018000d860 f   unzip.obj
 0001:0000c910       unz64local_SearchCentralDir 000000018000d910 f   unzip.obj
 0001:0000ca80       unz64local_SearchCentralDir64 000000018000da80 f   unzip.obj
 0001:0000cca0       unzOpenInternal            000000018000dca0 f   unzip.obj
 0001:0000d260       unz64local_DosDateToTmuDate 000000018000e260 f   unzip.obj
 0001:0000d2c0       unz64local_GetCurrentFileInfoInternal 000000018000e2c0 f   unzip.obj
 0001:0000ddf0       unz64local_CheckCurrentFileCoherencyHeader 000000018000edf0 f   unzip.obj
 0001:0000e8b0       time                       000000018000f8b0 f   zip.obj
 0001:0000e8c0       decrypt_byte               000000018000f8c0 f   zip.obj
 0001:0000e8e0       update_keys                000000018000f8e0 f   zip.obj
 0001:0000e930       init_keys                  000000018000f930 f   zip.obj
 0001:0000e9a0       crypthead                  000000018000f9a0 f   zip.obj
 0001:0000eaf0       allocate_new_datablock     000000018000faf0 f   zip.obj
 0001:0000eb20       free_datablock             000000018000fb20 f   zip.obj
 0001:0000eb50       init_linkedlist            000000018000fb50 f   zip.obj
 0001:0000eb60       free_linkedlist            000000018000fb60 f   zip.obj
 0001:0000eb80       add_data_in_datablock      000000018000fb80 f   zip.obj
 0001:0000ec60       zip64local_putValue        000000018000fc60 f   zip.obj
 0001:0000ece0       zip64local_putValue_inmemory 000000018000fce0 f   zip.obj
 0001:0000ed20       zip64local_TmzDateToDosDate 000000018000fd20 f   zip.obj
 0001:0000ed70       zip64local_getByte         000000018000fd70 f   zip.obj
 0001:0000ede0       zip64local_getShort        000000018000fde0 f   zip.obj
 0001:0000ee60       zip64local_getLong         000000018000fe60 f   zip.obj
 0001:0000ef30       zip64local_getLong64       000000018000ff30 f   zip.obj
 0001:0000f0b0       zip64local_SearchCentralDir 00000001800100b0 f   zip.obj
 0001:0000f220       zip64local_SearchCentralDir64 0000000180010220 f   zip.obj
 0001:00010630       zip64FlushWriteBuffer      0000000180011630 f   zip.obj
 0001:000112a4       ?dllmain_crt_dispatch@@YAHQEAUHINSTANCE__@@KQEAX@Z 00000001800122a4 f   MSVCRT:dll_dllmain.obj
 0001:000112f4       ?dllmain_crt_process_attach@@YAHQEAUHINSTANCE__@@QEAX@Z 00000001800122f4 f   MSVCRT:dll_dllmain.obj
 0001:0001140c       ?dllmain_crt_process_detach@@YAH_N@Z 000000018001240c f   MSVCRT:dll_dllmain.obj
 0001:00011490       ?dllmain_dispatch@@YAHQEAUHINSTANCE__@@KQEAX@Z 0000000180012490 f   MSVCRT:dll_dllmain.obj
 0001:000115c4       ?dllmain_raw@@YAHQEAUHINSTANCE__@@KQEAX@Z 00000001800125c4 f   MSVCRT:dll_dllmain.obj
 0001:00011628       __get_entropy              0000000180012628 f   MSVCRT:gs_support.obj
 0001:000117b8       ?find_pe_section@@YAPEAU_IMAGE_SECTION_HEADER@@QEAE_K@Z 00000001800127b8 f   MSVCRT:utility.obj
 0001:0001180c       ?is_potentially_valid_image_base@@YA_NQEAX@Z 000000018001280c f   MSVCRT:utility.obj
 0001:00011f54       __castguard_check_failure_os_handled_wrapper 0000000180012f54 f   MSVCRT:guard_support.obj
 0001:00011f74       __castguard_compat_check   0000000180012f74 f   MSVCRT:guard_support.obj
 0001:0001205c       __castguard_slow_path_compat_check 000000018001305c f   MSVCRT:guard_support.obj
 0001:000123d0       $$000000                   00000001800133d0     MSVCRT:chkstk.obj
 0001:00012440       $$000000                   0000000180013440     MSVCRT:guard_dispatch.obj
 0001:00012460       $$000000                   0000000180013460     MSVCRT:guard_xfg_dispatch.obj
 0001:00012476       ?fin$0@?0??dllmain_crt_process_attach@@YAHQEAUHINSTANCE__@@QEAX@Z@4HA 0000000180013476 f   MSVCRT:dll_dllmain.obj
 0001:0001248d       ?fin$0@?0??dllmain_crt_process_detach@@YAH_N@Z@4HA 000000018001348d f   MSVCRT:dll_dllmain.obj
 0001:000124a6       ?fin$1@?0??dllmain_crt_process_detach@@YAH_N@Z@4HA 00000001800134a6 f   MSVCRT:dll_dllmain.obj
 0001:000124ba       ?filt$0@?0??dllmain_dispatch@@YAHQEAUHINSTANCE__@@KQEAX@Z@4HA 00000001800134ba f   MSVCRT:dll_dllmain.obj
 0001:000124f0       __scrt_is_nonwritable_in_current_image$filt$0 00000001800134f0 f   MSVCRT:utility.obj
 0002:000002f0       crc_table                  00000001800142f0     crc32.obj
 0002:000022f0       ?my_version@?1??deflateInit2_@@9@9 00000001800162f0     deflate.obj
 0002:00002300       configuration_table        0000000180016300     deflate.obj
 0002:000023a0       ?lenfix@?1??fixedtables@@9@9 00000001800163a0     infback.obj
 0002:00002ba0       ?distfix@?1??fixedtables@@9@9 0000000180016ba0     infback.obj
 0002:00002c20       ?order@?1??inflateBack@@9@9 0000000180016c20     infback.obj
 0002:00002c50       ?lenfix@?1??fixedtables@@9@9 0000000180016c50     inflate.obj
 0002:00003450       ?distfix@?1??fixedtables@@9@9 0000000180017450     inflate.obj
 0002:000034d0       ?order@?1??inflate@@9@9    00000001800174d0     inflate.obj
 0002:00003500       ?dext@?1??inflate_table@@9@9 0000000180017500     inftrees.obj
 0002:00003540       ?lext@?1??inflate_table@@9@9 0000000180017540     inftrees.obj
 0002:00003580       ?lbase@?1??inflate_table@@9@9 0000000180017580     inftrees.obj
 0002:000035c0       ?dbase@?1??inflate_table@@9@9 00000001800175c0     inftrees.obj
 0002:00003900       static_dtree               0000000180017900     trees.obj
 0002:00003980       extra_blbits               0000000180017980     trees.obj
 0002:000039d0       extra_lbits                00000001800179d0     trees.obj
 0002:00003a50       base_dist                  0000000180017a50     trees.obj
 0002:00003ad0       base_length                0000000180017ad0     trees.obj
 0002:00003b48       static_l_desc              0000000180017b48     trees.obj
 0002:00003b68       static_bl_desc             0000000180017b68     trees.obj
 0002:00003b90       extra_dbits                0000000180017b90     trees.obj
 0002:00003c10       static_ltree               0000000180017c10     trees.obj
 0002:00004090       static_d_desc              0000000180018090     trees.obj
 0002:000040b0       bl_order                   00000001800180b0     trees.obj
 0002:00004c60       $unwind$adler32_combine_   0000000180018c60     adler32.obj
 0002:00004c68       $unwind$compress2          0000000180018c68     compress.obj
 0002:00004c80       $unwind$compress           0000000180018c80     compress.obj
 0002:00004c88       $unwind$crc32_little       0000000180018c88     crc32.obj
 0002:00004c90       $chain$0$crc32_little      0000000180018c90     crc32.obj
 0002:00004ca4       $chain$1$crc32_little      0000000180018ca4     crc32.obj
 0002:00004cb4       $unwind$crc32_big          0000000180018cb4     crc32.obj
 0002:00004cbc       $chain$0$crc32_big         0000000180018cbc     crc32.obj
 0002:00004cd0       $chain$1$crc32_big         0000000180018cd0     crc32.obj
 0002:00004ce0       $unwind$gf2_matrix_square  0000000180018ce0     crc32.obj
 0002:00004ce8       $unwind$crc32_combine_     0000000180018ce8     crc32.obj
 0002:00004d00       $unwind$slide_hash         0000000180018d00     deflate.obj
 0002:00004d08       $unwind$deflateInit_       0000000180018d08     deflate.obj
 0002:00004d10       $unwind$deflateInit2_      0000000180018d10     deflate.obj
 0002:00004d24       $chain$0$deflateInit2_     0000000180018d24     deflate.obj
 0002:00004d38       $chain$1$deflateInit2_     0000000180018d38     deflate.obj
 0002:00004d4c       $chain$2$deflateInit2_     0000000180018d4c     deflate.obj
 0002:00004d5c       $chain$4$deflateInit2_     0000000180018d5c     deflate.obj
 0002:00004d74       $chain$5$deflateInit2_     0000000180018d74     deflate.obj
 0002:00004d88       $chain$6$deflateInit2_     0000000180018d88     deflate.obj
 0002:00004d98       $unwind$deflateSetDictionary 0000000180018d98     deflate.obj
 0002:00004da8       $chain$2$deflateSetDictionary 0000000180018da8     deflate.obj
 0002:00004dc4       $chain$3$deflateSetDictionary 0000000180018dc4     deflate.obj
 0002:00004dd4       $unwind$deflateGetDictionary 0000000180018dd4     deflate.obj
 0002:00004de0       $unwind$deflateResetKeep   0000000180018de0     deflate.obj
 0002:00004df0       $unwind$deflateReset       0000000180018df0     deflate.obj
 0002:00004dfc       $unwind$deflateSetHeader   0000000180018dfc     deflate.obj
 0002:00004e04       $unwind$deflatePending     0000000180018e04     deflate.obj
 0002:00004e0c       $unwind$deflatePrime       0000000180018e0c     deflate.obj
 0002:00004e18       $unwind$deflateParams      0000000180018e18     deflate.obj
 0002:00004e34       $unwind$deflateTune        0000000180018e34     deflate.obj
 0002:00004e3c       $unwind$deflateBound       0000000180018e3c     deflate.obj
 0002:00004e44       $unwind$flush_pending      0000000180018e44     deflate.obj
 0002:00004e54       $chain$0$flush_pending     0000000180018e54     deflate.obj
 0002:00004e68       $chain$1$flush_pending     0000000180018e68     deflate.obj
 0002:00004e78       $unwind$deflate            0000000180018e78     deflate.obj
 0002:00004e84       $chain$5$deflate           0000000180018e84     deflate.obj
 0002:00004eac       $chain$7$deflate           0000000180018eac     deflate.obj
 0002:00004ed4       $chain$8$deflate           0000000180018ed4     deflate.obj
 0002:00004ee8       $chain$9$deflate           0000000180018ee8     deflate.obj
 0002:00004ef8       $unwind$deflateEnd         0000000180018ef8     deflate.obj
 0002:00004f0c       $unwind$deflateCopy        0000000180018f0c     deflate.obj
 0002:00004f14       $chain$1$deflateCopy       0000000180018f14     deflate.obj
 0002:00004f2c       $chain$4$deflateCopy       0000000180018f2c     deflate.obj
 0002:00004f48       $chain$6$deflateCopy       0000000180018f48     deflate.obj
 0002:00004f64       $chain$7$deflateCopy       0000000180018f64     deflate.obj
 0002:00004f74       $unwind$read_buf           0000000180018f74     deflate.obj
 0002:00004f88       $unwind$lm_init            0000000180018f88     deflate.obj
 0002:00004f94       $unwind$longest_match      0000000180018f94     deflate.obj
 0002:00004fb0       $unwind$fill_window        0000000180018fb0     deflate.obj
 0002:00004fc0       $unwind$deflate_stored     0000000180018fc0     deflate.obj
 0002:00004fd0       $chain$3$deflate_stored    0000000180018fd0     deflate.obj
 0002:00004ff0       $chain$4$deflate_stored    0000000180018ff0     deflate.obj
 0002:00005008       $chain$5$deflate_stored    0000000180019008     deflate.obj
 0002:0000501c       $unwind$deflate_fast       000000018001901c     deflate.obj
 0002:00005038       $unwind$deflate_slow       0000000180019038     deflate.obj
 0002:00005054       $unwind$deflate_rle        0000000180019054     deflate.obj
 0002:00005070       $unwind$deflate_huff       0000000180019070     deflate.obj
 0002:00005080       $unwind$vsnprintf          0000000180019080     gzlib.obj
 0002:00005094       $unwind$snprintf           0000000180019094     gzlib.obj
 0002:000050a4       $unwind$gz_reset           00000001800190a4     gzlib.obj
 0002:000050b0       $unwind$gz_open            00000001800190b0     gzlib.obj
 0002:000050c8       $chain$0$gz_open           00000001800190c8     gzlib.obj
 0002:000050dc       $chain$1$gz_open           00000001800190dc     gzlib.obj
 0002:000050ec       $chain$2$gz_open           00000001800190ec     gzlib.obj
 0002:00005100       $chain$3$gz_open           0000000180019100     gzlib.obj
 0002:00005110       $unwind$gzdopen            0000000180019110     gzlib.obj
 0002:00005120       $unwind$gzrewind           0000000180019120     gzlib.obj
 0002:00005128       $unwind$gzseek64           0000000180019128     gzlib.obj
 0002:0000513c       $unwind$gzseek             000000018001913c     gzlib.obj
 0002:00005144       $unwind$gztell             0000000180019144     gzlib.obj
 0002:0000514c       $unwind$gzoffset64         000000018001914c     gzlib.obj
 0002:00005154       $unwind$gzoffset           0000000180019154     gzlib.obj
 0002:0000515c       $unwind$gz_error           000000018001915c     gzlib.obj
 0002:00005170       $unwind$gz_load            0000000180019170     gzread.obj
 0002:00005188       $unwind$gz_avail           0000000180019188     gzread.obj
 0002:00005190       $unwind$gz_look            0000000180019190     gzread.obj
 0002:000051a0       $unwind$gz_decomp          00000001800191a0     gzread.obj
 0002:000051b4       $unwind$gz_fetch           00000001800191b4     gzread.obj
 0002:000051bc       $unwind$gz_skip            00000001800191bc     gzread.obj
 0002:000051c8       $unwind$gz_read            00000001800191c8     gzread.obj
 0002:000051e4       $unwind$gzread             00000001800191e4     gzread.obj
 0002:000051ec       $unwind$gzfread            00000001800191ec     gzread.obj
 0002:000051f4       $unwind$gzgetc             00000001800191f4     gzread.obj
 0002:000051fc       $unwind$gzungetc           00000001800191fc     gzread.obj
 0002:00005208       $unwind$gzgets             0000000180019208     gzread.obj
 0002:00005224       $unwind$gzdirect           0000000180019224     gzread.obj
 0002:0000522c       $unwind$gzclose_r          000000018001922c     gzread.obj
 0002:00005234       $chain$1$gzclose_r         0000000180019234     gzread.obj
 0002:0000524c       $chain$2$gzclose_r         000000018001924c     gzread.obj
 0002:0000525c       $unwind$gz_init            000000018001925c     gzwrite.obj
 0002:00005270       $unwind$gz_comp            0000000180019270     gzwrite.obj
 0002:00005288       $unwind$gz_zero            0000000180019288     gzwrite.obj
 0002:0000529c       $unwind$gz_write           000000018001929c     gzwrite.obj
 0002:000052b4       $unwind$gzwrite            00000001800192b4     gzwrite.obj
 0002:000052bc       $unwind$gzfwrite           00000001800192bc     gzwrite.obj
 0002:000052c4       $unwind$gzputc             00000001800192c4     gzwrite.obj
 0002:000052d0       $unwind$gzputs             00000001800192d0     gzwrite.obj
 0002:000052d8       $chain$0$gzputs            00000001800192d8     gzwrite.obj
 0002:000052ec       $chain$1$gzputs            00000001800192ec     gzwrite.obj
 0002:000052fc       $unwind$gzvprintf          00000001800192fc     gzwrite.obj
 0002:0000530c       $chain$1$gzvprintf         000000018001930c     gzwrite.obj
 0002:00005324       $chain$3$gzvprintf         0000000180019324     gzwrite.obj
 0002:0000533c       $chain$4$gzvprintf         000000018001933c     gzwrite.obj
 0002:0000534c       $unwind$gzprintf           000000018001934c     gzwrite.obj
 0002:00005354       $unwind$gzflush            0000000180019354     gzwrite.obj
 0002:00005360       $unwind$gzsetparams        0000000180019360     gzwrite.obj
 0002:00005374       $unwind$gzclose_w          0000000180019374     gzwrite.obj
 0002:00005380       $unwind$inflateBackInit_   0000000180019380     infback.obj
 0002:00005390       $chain$1$inflateBackInit_  0000000180019390     infback.obj
 0002:000053a8       $chain$3$inflateBackInit_  00000001800193a8     infback.obj
 0002:000053c0       $chain$4$inflateBackInit_  00000001800193c0     infback.obj
 0002:000053d0       $unwind$inflateBack        00000001800193d0     infback.obj
 0002:000053e0       $chain$3$inflateBack       00000001800193e0     infback.obj
 0002:00005400       $chain$4$inflateBack       0000000180019400     infback.obj
 0002:00005410       $unwind$inflateBackEnd     0000000180019410     infback.obj
[...]
 0002:00005fa4       $unwind$zipOpenNewFileInZip3_64 0000000180019fa4     zip.obj
 0002:00005fac       $unwind$zipOpenNewFileInZip2 0000000180019fac     zip.obj
 0002:00005fb4       $unwind$zipOpenNewFileInZip2_64 0000000180019fb4     zip.obj
 0002:00005fbc       $unwind$zipOpenNewFileInZip64 0000000180019fbc     zip.obj
 0002:00005fc4       $unwind$zipOpenNewFileInZip 0000000180019fc4     zip.obj
 0002:00005fcc       $unwind$zip64FlushWriteBuffer 0000000180019fcc     zip.obj
 0002:00005fd8       $chain$0$zip64FlushWriteBuffer 0000000180019fd8     zip.obj
 0002:00005fec       $chain$2$zip64FlushWriteBuffer 0000000180019fec     zip.obj
 0002:00006004       $chain$3$zip64FlushWriteBuffer 000000018001a004     zip.obj
 0002:00006014       $chain$4$zip64FlushWriteBuffer 000000018001a014     zip.obj
 0002:00006024       $unwind$zipWriteInFileInZip 000000018001a024     zip.obj
 0002:00006034       $chain$1$zipWriteInFileInZip 000000018001a034     zip.obj
 0002:0000604c       $chain$3$zipWriteInFileInZip 000000018001a04c     zip.obj
 0002:00006064       $chain$4$zipWriteInFileInZip 000000018001a064     zip.obj
 0002:00006074       $unwind$zipCloseFileInZipRaw64 000000018001a074     zip.obj
 0002:00006084       $chain$2$zipCloseFileInZipRaw64 000000018001a084     zip.obj
 0002:000060a0       $chain$4$zipCloseFileInZipRaw64 000000018001a0a0     zip.obj
 0002:000060bc       $chain$5$zipCloseFileInZipRaw64 000000018001a0bc     zip.obj
 0002:000060cc       $unwind$Write_Zip64EndOfCentralDirectoryLocator 000000018001a0cc     zip.obj
 0002:000060d8       $unwind$Write_Zip64EndOfCentralDirectoryRecord 000000018001a0d8     zip.obj
 0002:000060e8       $unwind$Write_EndOfCentralDirectoryRecord 000000018001a0e8     zip.obj
 0002:000060f4       $chain$0$Write_EndOfCentralDirectoryRecord 000000018001a0f4     zip.obj
 0002:00006108       $chain$2$Write_EndOfCentralDirectoryRecord 000000018001a108     zip.obj
 0002:00006120       $chain$3$Write_EndOfCentralDirectoryRecord 000000018001a120     zip.obj
 0002:00006130       $chain$4$Write_EndOfCentralDirectoryRecord 000000018001a130     zip.obj
 0002:00006140       $unwind$Write_GlobalComment 000000018001a140     zip.obj
 0002:00006158       $unwind$zipClose           000000018001a158     zip.obj
 0002:00006168       $chain$0$zipClose          000000018001a168     zip.obj
 0002:0000617c       $chain$1$zipClose          000000018001a17c     zip.obj
 0002:00006190       $chain$2$zipClose          000000018001a190     zip.obj
 0002:000061a4       $chain$3$zipClose          000000018001a1a4     zip.obj
 0002:000061b4       $chain$4$zipClose          000000018001a1b4     zip.obj
 0002:000061c4       $chain$5$zipClose          000000018001a1c4     zip.obj
 0002:000061d4       $unwind$?dllmain_crt_process_attach@@YAHQEAUHINSTANCE__@@QEAX@Z 000000018001a1d4     MSVCRT:dll_dllmain.obj
 0002:00006210       $unwind$?fin$0@?0??dllmain_crt_process_attach@@YAHQEAUHINSTANCE__@@QEAX@Z@4HA 000000018001a210     MSVCRT:dll_dllmain.obj
 0002:00006218       $unwind$?dllmain_crt_process_detach@@YAH_N@Z 000000018001a218     MSVCRT:dll_dllmain.obj
 0002:0000626c       $unwind$?fin$0@?0??dllmain_crt_process_detach@@YAH_N@Z@4HA 000000018001a26c     MSVCRT:dll_dllmain.obj
 0002:00006274       $unwind$?fin$1@?0??dllmain_crt_process_detach@@YAH_N@Z@4HA 000000018001a274     MSVCRT:dll_dllmain.obj
 0002:0000627c       $unwind$?dllmain_crt_dispatch@@YAHQEAUHINSTANCE__@@KQEAX@Z 000000018001a27c     MSVCRT:dll_dllmain.obj
 0002:00006284       $unwind$?dllmain_dispatch@@YAHQEAUHINSTANCE__@@KQEAX@Z 000000018001a284     MSVCRT:dll_dllmain.obj
 0002:000062ac       $unwind$?filt$0@?0??dllmain_dispatch@@YAHQEAUHINSTANCE__@@KQEAX@Z@4HA 000000018001a2ac     MSVCRT:dll_dllmain.obj
 0002:000062b4       $unwind$_DllMainCRTStartup 000000018001a2b4     MSVCRT:dll_dllmain.obj
 0002:000062c4       $unwind$__security_init_cookie 000000018001a2c4     MSVCRT:gs_support.obj
 0002:000062d0       $unwind$__get_entropy      000000018001a2d0     MSVCRT:gs_support.obj
 0002:000062d8       $unwind$DllMain            000000018001a2d8     MSVCRT:dll_dllmain_stub.obj
 0002:000062e0       $unwind$__scrt_initialize_default_local_stdio_options 000000018001a2e0     MSVCRT:default_local_stdio_options.obj
 0002:000062e8       $unwind$atexit             000000018001a2e8     MSVCRT:utility.obj
 0002:000062f0       $unwind$_onexit            000000018001a2f0     MSVCRT:utility.obj
 0002:000062f8       $unwind$__scrt_is_nonwritable_in_current_image 000000018001a2f8     MSVCRT:utility.obj
 0002:00006318       $unwind$__scrt_is_nonwritable_in_current_image$filt$0 000000018001a318     MSVCRT:utility.obj
 0002:00006320       $unwind$__scrt_acquire_startup_lock 000000018001a320     MSVCRT:utility.obj
 0002:00006328       $unwind$__scrt_release_startup_lock 000000018001a328     MSVCRT:utility.obj
 0002:00006330       $unwind$__scrt_initialize_crt 000000018001a330     MSVCRT:utility.obj
 0002:00006338       $unwind$__scrt_uninitialize_crt 000000018001a338     MSVCRT:utility.obj
 0002:00006340       $unwind$__scrt_initialize_onexit_tables 000000018001a340     MSVCRT:utility.obj
 0002:00006348       $unwind$__scrt_dllmain_exception_filter 000000018001a348     MSVCRT:utility.obj
 0002:0000635c       $unwind$__scrt_dllmain_before_initialize_c 000000018001a35c     MSVCRT:utility.obj
 0002:00006364       $unwind$__scrt_dllmain_after_initialize_c 000000018001a364     MSVCRT:utility.obj
 0002:0000636c       $unwind$__scrt_dllmain_uninitialize_c 000000018001a36c     MSVCRT:utility.obj
 0002:00006374       $unwind$__scrt_dllmain_uninitialize_critical 000000018001a374     MSVCRT:utility.obj
 0002:0000637c       $unwind$__scrt_dllmain_crt_thread_attach 000000018001a37c     MSVCRT:utility.obj
 0002:00006384       $unwind$__scrt_dllmain_crt_thread_detach 000000018001a384     MSVCRT:utility.obj
 0002:0000638c       $unwind$?configure_argv@__scrt_narrow_argv_policy@@SAHXZ 000000018001a38c     MSVCRT:utility.obj
 0002:00006394       $unwind$__scrt_get_show_window_mode 000000018001a394     MSVCRT:utility_desktop.obj
 0002:0000639c       $unwind$__scrt_is_managed_app 000000018001a39c     MSVCRT:utility_desktop.obj
 0002:000063a4       $unwind$__scrt_fastfail    000000018001a3a4     MSVCRT:utility_desktop.obj
 0002:000063b4       $unwind$__scrt_unhandled_exception_filter 000000018001a3b4     MSVCRT:utility_desktop.obj
 0002:000063c0       $unwind$_RTC_Initialize    000000018001a3c0     MSVCRT:initsect.obj
 0002:000063cc       $unwind$_RTC_Terminate     000000018001a3cc     MSVCRT:initsect.obj
 0002:000063d8       $unwind$__castguard_check_failure_os_handled_wrapper 000000018001a3d8     MSVCRT:guard_support.obj
 0002:000063e0       $unwind$__castguard_check_failure_os_handled 000000018001a3e0     MSVCRT:guard_support.obj
 0002:000063e8       $unwind$__castguard_slow_path_check_os_handled 000000018001a3e8     MSVCRT:guard_support.obj
 0002:000063f0       $unwind$__isa_available_init 000000018001a3f0     MSVCRT:cpu_disp.obj
 0002:00006400       $xdatasym                  000000018001a400     MSVCRT:guard_dispatch.obj
 0002:00006408       $xdatasym                  000000018001a408     MSVCRT:guard_xfg_dispatch.obj
 0002:00006410       $xdatasym                  000000018001a410     MSVCRT:chkstk.obj
 0002:00006420       .edata                     000000018001a420     zlibwapi.exp
 0002:00006448       rgpv                       000000018001a448     zlibwapi.exp
 0002:00006704       rgszName                   000000018001a704     zlibwapi.exp
 0002:00006908       rgwOrd                     000000018001a908     zlibwapi.exp
 0002:00006a0a       szName                     000000018001aa0a     zlibwapi.exp
 0002:00006a17       $N00001                    000000018001aa17     zlibwapi.exp
 0002:00006a1f       $N00140                    000000018001aa1f     zlibwapi.exp
 0002:00006a2f       $N00174                    000000018001aa2f     zlibwapi.exp
 0002:00006a39       $N00002                    000000018001aa39     zlibwapi.exp
 0002:00006a42       $N00039                    000000018001aa42     zlibwapi.exp
 0002:00006a4c       $N00046                    000000018001aa4c     zlibwapi.exp
 0002:00006a5a       $N00003                    000000018001aa5a     zlibwapi.exp
 0002:00006a60       $N00142                    000000018001aa60     zlibwapi.exp
 0002:00006a6e       $N00175                    000000018001aa6e     zlibwapi.exp
 0002:00006a76       $N00004                    000000018001aa76     zlibwapi.exp
 0002:00006a7e       $N00047                    000000018001aa7e     zlibwapi.exp
 0002:00006a8b       $N00005                    000000018001aa8b     zlibwapi.exp
 0002:00006a97       $N00006                    000000018001aa97     zlibwapi.exp
 0002:00006aa2       $N00173                    000000018001aaa2     zlibwapi.exp
 0002:00006ab7       $N00007                    000000018001aab7     zlibwapi.exp
 0002:00006ac5       $N00008                    000000018001aac5     zlibwapi.exp
 0002:00006ad2       $N00009                    000000018001aad2     zlibwapi.exp
 0002:00006ae0       $N00052                    000000018001aae0     zlibwapi.exp
 0002:00006aef       $N00051                    000000018001aaef     zlibwapi.exp
 0002:00006afc       $N00010                    000000018001aafc     zlibwapi.exp
 0002:00006b09       $N00164                    000000018001ab09     zlibwapi.exp
 0002:00006b1a       $N00011                    000000018001ab1a     zlibwapi.exp
 0002:00006b2f       $N00144                    000000018001ab2f     zlibwapi.exp
 0002:00006b40       $N00145                    000000018001ab40     zlibwapi.exp
 0002:00006b4c       $N00110                    000000018001ab4c     zlibwapi.exp
 0002:00006b60       $N00111                    000000018001ab60     zlibwapi.exp
 0002:00006b76       $N00112                    000000018001ab76     zlibwapi.exp
 0002:00006b8d       $N00113                    000000018001ab8d     zlibwapi.exp
 0002:00006ba4       $N00038                    000000018001aba4     zlibwapi.exp
 0002:00006bb2       $N00146                    000000018001abb2     zlibwapi.exp
 0002:00006bbb       $N00048                    000000018001abbb     zlibwapi.exp
 0002:00006bc6       $N00012                    000000018001abc6     zlibwapi.exp
 0002:00006bce       $N00147                    000000018001abce     zlibwapi.exp
 0002:00006bd8       $N00148                    000000018001abd8     zlibwapi.exp
 0002:00006be2       $N00149                    000000018001abe2     zlibwapi.exp
 0002:00006beb       $N00013                    000000018001abeb     zlibwapi.exp
 0002:00006bf3       $N00034                    000000018001abf3     zlibwapi.exp
 0002:00006bf9       $N00014                    000000018001abf9     zlibwapi.exp
 0002:00006c01       $N00015                    000000018001ac01     zlibwapi.exp
 0002:00006c09       $N00171                    000000018001ac09     zlibwapi.exp
 0002:00006c11       $N00172                    000000018001ac11     zlibwapi.exp
 0002:00006c1a       $N00030                    000000018001ac1a     zlibwapi.exp
 0002:00006c21       $N00161                    000000018001ac21     zlibwapi.exp
 0002:00006c29       $N00041                    000000018001ac29     zlibwapi.exp
 0002:00006c30       $N00150                    000000018001ac30     zlibwapi.exp
 0002:00006c39       $N00016                    000000018001ac39     zlibwapi.exp
 0002:00006c40       $N00165                    000000018001ac40     zlibwapi.exp
 0002:00006c49       $N00028                    000000018001ac49     zlibwapi.exp
 0002:00006c52       $N00029                    000000018001ac52     zlibwapi.exp
 0002:00006c59       $N00040                    000000018001ac59     zlibwapi.exp
 0002:00006c60       $N00017                    000000018001ac60     zlibwapi.exp
 0002:00006c67       $N00032                    000000018001ac67     zlibwapi.exp
 0002:00006c70       $N00031                    000000018001ac70     zlibwapi.exp
 0002:00006c77       $N00035                    000000018001ac77     zlibwapi.exp
 0002:00006c83       $N00033                    000000018001ac83     zlibwapi.exp
 0002:00006c8a       $N00049                    000000018001ac8a     zlibwapi.exp
 0002:00006c93       $N00167                    000000018001ac93     zlibwapi.exp
 0002:00006c9d       $N00018                    000000018001ac9d     zlibwapi.exp
 0002:00006ca5       $N00019                    000000018001aca5     zlibwapi.exp
 0002:00006cad       $N00044                    000000018001acad     zlibwapi.exp
 0002:00006cb9       $N00045                    000000018001acb9     zlibwapi.exp
 0002:00006cc8       $N00043                    000000018001acc8     zlibwapi.exp
 0002:00006cd9       $N00168                    000000018001acd9     zlibwapi.exp
 0002:00006cea       $N00042                    000000018001acea     zlibwapi.exp
 0002:00006cf6       $N00020                    000000018001acf6     zlibwapi.exp
 0002:00006d01       $N00166                    000000018001ad01     zlibwapi.exp
 0002:00006d16       $N00156                    000000018001ad16     zlibwapi.exp
 0002:00006d27       $N00021                    000000018001ad27     zlibwapi.exp
 0002:00006d35       $N00022                    000000018001ad35     zlibwapi.exp
 0002:00006d42       $N00157                    000000018001ad42     zlibwapi.exp
 0002:00006d4e       $N00158                    000000018001ad4e     zlibwapi.exp
 0002:00006d5b       $N00023                    000000018001ad5b     zlibwapi.exp
 0002:00006d68       $N00159                    000000018001ad68     zlibwapi.exp
 0002:00006d76       $N00163                    000000018001ad76     zlibwapi.exp
 0002:00006d87       $N00024                    000000018001ad87     zlibwapi.exp
 0002:00006d9c       $N00025                    000000018001ad9c     zlibwapi.exp
 0002:00006da8       $N00037                    000000018001ada8     zlibwapi.exp
 0002:00006db9       $N00160                    000000018001adb9     zlibwapi.exp
 0002:00006dca       $N00169                    000000018001adca     zlibwapi.exp
 0002:00006dda       $N00026                    000000018001adda     zlibwapi.exp
 0002:00006de5       $N00170                    000000018001ade5     zlibwapi.exp
 0002:00006df1       $N00062                    000000018001adf1     zlibwapi.exp
 0002:00006dfa       $N00072                    000000018001adfa     zlibwapi.exp
 0002:00006e0e       $N00064                    000000018001ae0e     zlibwapi.exp
 0002:00006e24       $N00124                    000000018001ae24     zlibwapi.exp
 0002:00006e3c       $N00125                    000000018001ae3c     zlibwapi.exp
 0002:00006e5a       $N00100                    000000018001ae5a     zlibwapi.exp
 0002:00006e68       $N00127                    000000018001ae68     zlibwapi.exp
 0002:00006e78       $N00073                    000000018001ae78     zlibwapi.exp
 0002:00006e8c       $N00063                    000000018001ae8c     zlibwapi.exp
 0002:00006e9d       $N00122                    000000018001ae9d     zlibwapi.exp
 0002:00006eb0       $N00076                    000000018001aeb0     zlibwapi.exp
 0002:00006ec6       $N00101                    000000018001aec6     zlibwapi.exp
 0002:00006ed5       $N00128                    000000018001aed5     zlibwapi.exp
 0002:00006ee6       $N00065                    000000018001aee6     zlibwapi.exp
 0002:00006ef7       $N00066                    000000018001aef7     zlibwapi.exp
 0002:00006f07       $N00075                    000000018001af07     zlibwapi.exp
 0002:00006f15       $N00061                    000000018001af15     zlibwapi.exp
 0002:00006f1d       $N00077                    000000018001af1d     zlibwapi.exp
 0002:00006f26       $N00121                    000000018001af26     zlibwapi.exp
 0002:00006f32       $N00120                    000000018001af32     zlibwapi.exp
 0002:00006f3c       $N00067                    000000018001af3c     zlibwapi.exp
 0002:00006f4f       $N00078                    000000018001af4f     zlibwapi.exp
 0002:00006f63       $N00069                    000000018001af63     zlibwapi.exp
 0002:00006f77       $N00079                    000000018001af77     zlibwapi.exp
 0002:00006f92       $N00068                    000000018001af92     zlibwapi.exp
 0002:00006fa5       $N00074                    000000018001afa5     zlibwapi.exp
 0002:00006fbe       $N00071                    000000018001afbe     zlibwapi.exp
 0002:00006fc5       $N00070                    000000018001afc5     zlibwapi.exp
 0002:00006fcd       $N00126                    000000018001afcd     zlibwapi.exp
 0002:00006fd7       $N00036                    000000018001afd7     zlibwapi.exp
 0002:00006fde       $N00084                    000000018001afde     zlibwapi.exp
 0002:00006fe7       $N00083                    000000018001afe7     zlibwapi.exp
 0002:00006ff9       $N00087                    000000018001aff9     zlibwapi.exp
 0002:0000700e       $N00136                    000000018001b00e     zlibwapi.exp
 0002:00007025       $N00080                    000000018001b025     zlibwapi.exp
 0002:0000702d       $N00088                    000000018001b02d     zlibwapi.exp
 0002:00007036       $N00131                    000000018001b036     zlibwapi.exp
 0002:00007042       $N00130                    000000018001b042     zlibwapi.exp
 0002:0000704c       $N00081                    000000018001b04c     zlibwapi.exp
 0002:00007060       $N00086                    000000018001b060     zlibwapi.exp
 0002:00007075       $N00133                    000000018001b075     zlibwapi.exp
 0002:0000708d       $N00089                    000000018001b08d     zlibwapi.exp
 0002:000070a2       $N00134                    000000018001b0a2     zlibwapi.exp
 0002:000070ba       $N00135                    000000018001b0ba     zlibwapi.exp
 0002:000070d2       $N00132                    000000018001b0d2     zlibwapi.exp
 0002:000070e8       $N00082                    000000018001b0e8     zlibwapi.exp
 0002:000070fc       $N00050                    000000018001b0fc     zlibwapi.exp
 0002:0000710d       $N00027                    000000018001b10d     zlibwapi.exp
 0002:0000747c       .idata$6                   000000018001b47c     kernel32:KERNEL32.dll
 0002:00007500       .idata$6                   000000018001b500     vcruntime:VCRUNTIME140.dll
 0002:000076fc       .idata$6                   000000018001b6fc     ucrt:api-ms-win-crt-stdio-l1-1-0.dll
 0002:0000771c       .idata$6                   000000018001b71c     ucrt:api-ms-win-crt-convert-l1-1-0.dll
 0002:0000773e       .idata$6                   000000018001b73e     ucrt:api-ms-win-crt-heap-l1-1-0.dll
 0002:0000775e       .idata$6                   000000018001b75e     ucrt:api-ms-win-crt-runtime-l1-1-0.dll
 0002:00007780       .idata$6                   000000018001b780     ucrt:api-ms-win-crt-utility-l1-1-0.dll
 0002:000077a2       .idata$6                   000000018001b7a2     ucrt:api-ms-win-crt-time-l1-1-0.dll
 0003:00000040       ?__proc_attached@@3HA      000000018001c040     MSVCRT:dll_dllmain.obj
 0003:00000080       ?is_initialized_as_dll@@3_NA 000000018001c080     MSVCRT:utility.obj
 0003:00000081       ?module_local_atexit_table_initialized@@3_NA 000000018001c081     MSVCRT:utility.obj
 0003:00000088       ?module_local_atexit_table@@3U_onexit_table_t@@A 000000018001c088     MSVCRT:utility.obj
 0003:000000a0       ?module_local_at_quick_exit_table@@3U_onexit_table_t@@A 000000018001c0a0     MSVCRT:utility.obj
 0003:000000c0       ?calls@?1??crypthead@@9@9  000000018001c0c0     zip.obj
 0005:00000060       $R000000                   000000018001f060     zlib.res
